Archive member included to satisfy reference by file (symbol)

D:/DH/STM32/STM32CubeIDE_1.13.2/STM32CubeIDE/plugins/com.st.stm32cube.ide.mcu.externaltools.gnu-tools-for-stm32.11.3.rel1.win32_1.1.1.202309131626/tools/bin/../lib/gcc/arm-none-eabi/11.3.1/../../../../arm-none-eabi/lib/thumb/v6-m/nofp\libc_nano.a(libc_a-exit.o)
                              D:/DH/STM32/STM32CubeIDE_1.13.2/STM32CubeIDE/plugins/com.st.stm32cube.ide.mcu.externaltools.gnu-tools-for-stm32.11.3.rel1.win32_1.1.1.202309131626/tools/bin/../lib/gcc/arm-none-eabi/11.3.1/../../../../arm-none-eabi/lib/thumb/v6-m/nofp/crt0.o (exit)
D:/DH/STM32/STM32CubeIDE_1.13.2/STM32CubeIDE/plugins/com.st.stm32cube.ide.mcu.externaltools.gnu-tools-for-stm32.11.3.rel1.win32_1.1.1.202309131626/tools/bin/../lib/gcc/arm-none-eabi/11.3.1/../../../../arm-none-eabi/lib/thumb/v6-m/nofp\libc_nano.a(libc_a-findfp.o)
                              D:/DH/STM32/STM32CubeIDE_1.13.2/STM32CubeIDE/plugins/com.st.stm32cube.ide.mcu.externaltools.gnu-tools-for-stm32.11.3.rel1.win32_1.1.1.202309131626/tools/bin/../lib/gcc/arm-none-eabi/11.3.1/../../../../arm-none-eabi/lib/thumb/v6-m/nofp\libc_nano.a(libc_a-exit.o) (__stdio_exit_handler)
D:/DH/STM32/STM32CubeIDE_1.13.2/STM32CubeIDE/plugins/com.st.stm32cube.ide.mcu.externaltools.gnu-tools-for-stm32.11.3.rel1.win32_1.1.1.202309131626/tools/bin/../lib/gcc/arm-none-eabi/11.3.1/../../../../arm-none-eabi/lib/thumb/v6-m/nofp\libc_nano.a(libc_a-fwalk.o)
                              D:/DH/STM32/STM32CubeIDE_1.13.2/STM32CubeIDE/plugins/com.st.stm32cube.ide.mcu.externaltools.gnu-tools-for-stm32.11.3.rel1.win32_1.1.1.202309131626/tools/bin/../lib/gcc/arm-none-eabi/11.3.1/../../../../arm-none-eabi/lib/thumb/v6-m/nofp\libc_nano.a(libc_a-findfp.o) (_fwalk_sglue)
D:/DH/STM32/STM32CubeIDE_1.13.2/STM32CubeIDE/plugins/com.st.stm32cube.ide.mcu.externaltools.gnu-tools-for-stm32.11.3.rel1.win32_1.1.1.202309131626/tools/bin/../lib/gcc/arm-none-eabi/11.3.1/../../../../arm-none-eabi/lib/thumb/v6-m/nofp\libc_nano.a(libc_a-stdio.o)
                              D:/DH/STM32/STM32CubeIDE_1.13.2/STM32CubeIDE/plugins/com.st.stm32cube.ide.mcu.externaltools.gnu-tools-for-stm32.11.3.rel1.win32_1.1.1.202309131626/tools/bin/../lib/gcc/arm-none-eabi/11.3.1/../../../../arm-none-eabi/lib/thumb/v6-m/nofp\libc_nano.a(libc_a-findfp.o) (__sread)
D:/DH/STM32/STM32CubeIDE_1.13.2/STM32CubeIDE/plugins/com.st.stm32cube.ide.mcu.externaltools.gnu-tools-for-stm32.11.3.rel1.win32_1.1.1.202309131626/tools/bin/../lib/gcc/arm-none-eabi/11.3.1/../../../../arm-none-eabi/lib/thumb/v6-m/nofp\libc_nano.a(libc_a-vsnprintf.o)
                              ./SDK_ROBI_STM32F0_1.0.0/shared/Middle/serial/serial.o (vsnprintf)
D:/DH/STM32/STM32CubeIDE_1.13.2/STM32CubeIDE/plugins/com.st.stm32cube.ide.mcu.externaltools.gnu-tools-for-stm32.11.3.rel1.win32_1.1.1.202309131626/tools/bin/../lib/gcc/arm-none-eabi/11.3.1/../../../../arm-none-eabi/lib/thumb/v6-m/nofp\libc_nano.a(libc_a-memset.o)
                              D:/DH/STM32/STM32CubeIDE_1.13.2/STM32CubeIDE/plugins/com.st.stm32cube.ide.mcu.externaltools.gnu-tools-for-stm32.11.3.rel1.win32_1.1.1.202309131626/tools/bin/../lib/gcc/arm-none-eabi/11.3.1/../../../../arm-none-eabi/lib/thumb/v6-m/nofp/crt0.o (memset)
D:/DH/STM32/STM32CubeIDE_1.13.2/STM32CubeIDE/plugins/com.st.stm32cube.ide.mcu.externaltools.gnu-tools-for-stm32.11.3.rel1.win32_1.1.1.202309131626/tools/bin/../lib/gcc/arm-none-eabi/11.3.1/../../../../arm-none-eabi/lib/thumb/v6-m/nofp\libc_nano.a(libc_a-closer.o)
                              D:/DH/STM32/STM32CubeIDE_1.13.2/STM32CubeIDE/plugins/com.st.stm32cube.ide.mcu.externaltools.gnu-tools-for-stm32.11.3.rel1.win32_1.1.1.202309131626/tools/bin/../lib/gcc/arm-none-eabi/11.3.1/../../../../arm-none-eabi/lib/thumb/v6-m/nofp\libc_nano.a(libc_a-stdio.o) (_close_r)
D:/DH/STM32/STM32CubeIDE_1.13.2/STM32CubeIDE/plugins/com.st.stm32cube.ide.mcu.externaltools.gnu-tools-for-stm32.11.3.rel1.win32_1.1.1.202309131626/tools/bin/../lib/gcc/arm-none-eabi/11.3.1/../../../../arm-none-eabi/lib/thumb/v6-m/nofp\libc_nano.a(libc_a-reent.o)
                              D:/DH/STM32/STM32CubeIDE_1.13.2/STM32CubeIDE/plugins/com.st.stm32cube.ide.mcu.externaltools.gnu-tools-for-stm32.11.3.rel1.win32_1.1.1.202309131626/tools/bin/../lib/gcc/arm-none-eabi/11.3.1/../../../../arm-none-eabi/lib/thumb/v6-m/nofp\libc_nano.a(libc_a-closer.o) (errno)
D:/DH/STM32/STM32CubeIDE_1.13.2/STM32CubeIDE/plugins/com.st.stm32cube.ide.mcu.externaltools.gnu-tools-for-stm32.11.3.rel1.win32_1.1.1.202309131626/tools/bin/../lib/gcc/arm-none-eabi/11.3.1/../../../../arm-none-eabi/lib/thumb/v6-m/nofp\libc_nano.a(libc_a-impure.o)
                              D:/DH/STM32/STM32CubeIDE_1.13.2/STM32CubeIDE/plugins/com.st.stm32cube.ide.mcu.externaltools.gnu-tools-for-stm32.11.3.rel1.win32_1.1.1.202309131626/tools/bin/../lib/gcc/arm-none-eabi/11.3.1/../../../../arm-none-eabi/lib/thumb/v6-m/nofp\libc_nano.a(libc_a-vsnprintf.o) (_impure_ptr)
[...]
Memory Configuration

Name             Origin             Length             Attributes
RAM              0x0000000020000000 0x0000000000002000 xrw
FLASH            0x0000000008000000 0x0000000000010000 xr
*default*        0x0000000000000000 0xffffffffffffffff

Linker script and memory map

LOAD D:/DH/STM32/STM32CubeIDE_1.13.2/STM32CubeIDE/plugins/com.st.stm32cube.ide.mcu.externaltools.gnu-tools-for-stm32.11.3.rel1.win32_1.1.1.202309131626/tools/bin/../lib/gcc/arm-none-eabi/11.3.1/thumb/v6-m/nofp/crti.o
LOAD D:/DH/STM32/STM32CubeIDE_1.13.2/STM32CubeIDE/plugins/com.st.stm32cube.ide.mcu.externaltools.gnu-tools-for-stm32.11.3.rel1.win32_1.1.1.202309131626/tools/bin/../lib/gcc/arm-none-eabi/11.3.1/thumb/v6-m/nofp/crtbegin.o
LOAD D:/DH/STM32/STM32CubeIDE_1.13.2/STM32CubeIDE/plugins/com.st.stm32cube.ide.mcu.externaltools.gnu-tools-for-stm32.11.3.rel1.win32_1.1.1.202309131626/tools/bin/../lib/gcc/arm-none-eabi/11.3.1/../../../../arm-none-eabi/lib/thumb/v6-m/nofp/crt0.o
LOAD ./SDK_ROBI_STM32F0_1.0.0/shared/Drivers/CMSIS/Source/system_stm32f0xx.o
LOAD ./SDK_ROBI_STM32F0_1.0.0/shared/Drivers/STM32F0xx_StdPeriph_Driver/src/stm32f0xx_adc.o
LOAD ./SDK_ROBI_STM32F0_1.0.0/shared/Drivers/STM32F0xx_StdPeriph_Driver/src/stm32f0xx_dma.o
LOAD ./SDK_ROBI_STM32F0_1.0.0/shared/Drivers/STM32F0xx_StdPeriph_Driver/src/stm32f0xx_exti.o
LOAD ./SDK_ROBI_STM32F0_1.0.0/shared/Drivers/STM32F0xx_StdPeriph_Driver/src/stm32f0xx_flash.o
LOAD ./SDK_ROBI_STM32F0_1.0.0/shared/Drivers/STM32F0xx_StdPeriph_Driver/src/stm32f0xx_gpio.o
LOAD ./SDK_ROBI_STM32F0_1.0.0/shared/Drivers/STM32F0xx_StdPeriph_Driver/src/stm32f0xx_i2c.o
LOAD ./SDK_ROBI_STM32F0_1.0.0/shared/Drivers/STM32F0xx_StdPeriph_Driver/src/stm32f0xx_misc.o
LOAD ./SDK_ROBI_STM32F0_1.0.0/shared/Drivers/STM32F0xx_StdPeriph_Driver/src/stm32f0xx_rcc.o
LOAD ./SDK_ROBI_STM32F0_1.0.0/shared/Drivers/STM32F0xx_StdPeriph_Driver/src/stm32f0xx_spi.o
LOAD ./SDK_ROBI_STM32F0_1.0.0/shared/Drivers/STM32F0xx_StdPeriph_Driver/src/stm32f0xx_syscfg.o
LOAD ./SDK_ROBI_STM32F0_1.0.0/shared/Drivers/STM32F0xx_StdPeriph_Driver/src/stm32f0xx_tim.o
LOAD ./SDK_ROBI_STM32F0_1.0.0/shared/Drivers/STM32F0xx_StdPeriph_Driver/src/stm32f0xx_usart.o
LOAD ./SDK_ROBI_STM32F0_1.0.0/shared/Middle/button/button.o
LOAD ./SDK_ROBI_STM32F0_1.0.0/shared/Middle/button/eventbutton.o
LOAD ./SDK_ROBI_STM32F0_1.0.0/shared/Middle/buzzer/buzzer.o
LOAD ./SDK_ROBI_STM32F0_1.0.0/shared/Middle/buzzer/melody.o
LOAD ./SDK_ROBI_STM32F0_1.0.0/shared/Middle/lcd/GUI.o
LOAD ./SDK_ROBI_STM32F0_1.0.0/shared/Middle/lcd/lcd.o
LOAD ./SDK_ROBI_STM32F0_1.0.0/shared/Middle/led/led.o
LOAD ./SDK_ROBI_STM32F0_1.0.0/shared/Middle/motor/encoder.o
LOAD ./SDK_ROBI_STM32F0_1.0.0/shared/Middle/motor/motor.o
LOAD ./SDK_ROBI_STM32F0_1.0.0/shared/Middle/motor/pid.o
LOAD ./SDK_ROBI_STM32F0_1.0.0/shared/Middle/rtos/eventman.o
LOAD ./SDK_ROBI_STM32F0_1.0.0/shared/Middle/rtos/timer.o
LOAD ./SDK_ROBI_STM32F0_1.0.0/shared/Middle/sensor/optical_sensor.o
LOAD ./SDK_ROBI_STM32F0_1.0.0/shared/Middle/serial/serial.o
LOAD ./SDK_ROBI_STM32F0_1.0.0/shared/Middle/serial/uartcmd.o
LOAD ./SDK_ROBI_STM32F0_1.0.0/shared/Utilities/buff.o
LOAD ./SDK_ROBI_STM32F0_1.0.0/shared/Utilities/utilities.o
LOAD ./Src/main.o
LOAD ./Src/syscalls.o
LOAD ./Src/sysmem.o
LOAD ./Startup/startup_stm32f030c8tx.o
START GROUP
LOAD D:/DH/STM32/STM32CubeIDE_1.13.2/STM32CubeIDE/plugins/com.st.stm32cube.ide.mcu.externaltools.gnu-tools-for-stm32.11.3.rel1.win32_1.1.1.202309131626/tools/bin/../lib/gcc/arm-none-eabi/11.3.1/../../../../arm-none-eabi/lib/thumb/v6-m/nofp\libc_nano.a
LOAD D:/DH/STM32/STM32CubeIDE_1.13.2/STM32CubeIDE/plugins/com.st.stm32cube.ide.mcu.externaltools.gnu-tools-for-stm32.11.3.rel1.win32_1.1.1.202309131626/tools/bin/../lib/gcc/arm-none-eabi/11.3.1/../../../../arm-none-eabi/lib/thumb/v6-m/nofp\libm.a
END GROUP
START GROUP
LOAD D:/DH/STM32/STM32CubeIDE_1.13.2/STM32CubeIDE/plugins/com.st.stm32cube.ide.mcu.externaltools.gnu-tools-for-stm32.11.3.rel1.win32_1.1.1.202309131626/tools/bin/../lib/gcc/arm-none-eabi/11.3.1/thumb/v6-m/nofp\libgcc.a
LOAD D:/DH/STM32/STM32CubeIDE_1.13.2/STM32CubeIDE/plugins/com.st.stm32cube.ide.mcu.externaltools.gnu-tools-for-stm32.11.3.rel1.win32_1.1.1.202309131626/tools/bin/../lib/gcc/arm-none-eabi/11.3.1/../../../../arm-none-eabi/lib/thumb/v6-m/nofp\libc_nano.a
END GROUP
START GROUP
LOAD D:/DH/STM32/STM32CubeIDE_1.13.2/STM32CubeIDE/plugins/com.st.stm32cube.ide.mcu.externaltools.gnu-tools-for-stm32.11.3.rel1.win32_1.1.1.202309131626/tools/bin/../lib/gcc/arm-none-eabi/11.3.1/thumb/v6-m/nofp\libgcc.a
LOAD D:/DH/STM32/STM32CubeIDE_1.13.2/STM32CubeIDE/plugins/com.st.stm32cube.ide.mcu.externaltools.gnu-tools-for-stm32.11.3.rel1.win32_1.1.1.202309131626/tools/bin/../lib/gcc/arm-none-eabi/11.3.1/../../../../arm-none-eabi/lib/thumb/v6-m/nofp\libc_nano.a
LOAD D:/DH/STM32/STM32CubeIDE_1.13.2/STM32CubeIDE/plugins/com.st.stm32cube.ide.mcu.externaltools.gnu-tools-for-stm32.11.3.rel1.win32_1.1.1.202309131626/tools/bin/../lib/gcc/arm-none-eabi/11.3.1/../../../../arm-none-eabi/lib/thumb/v6-m/nofp\libnosys.a
END GROUP
START GROUP
LOAD D:/DH/STM32/STM32CubeIDE_1.13.2/STM32CubeIDE/plugins/com.st.stm32cube.ide.mcu.externaltools.gnu-tools-for-stm32.11.3.rel1.win32_1.1.1.202309131626/tools/bin/../lib/gcc/arm-none-eabi/11.3.1/thumb/v6-m/nofp\libgcc.a
LOAD D:/DH/STM32/STM32CubeIDE_1.13.2/STM32CubeIDE/plugins/com.st.stm32cube.ide.mcu.externaltools.gnu-tools-for-stm32.11.3.rel1.win32_1.1.1.202309131626/tools/bin/../lib/gcc/arm-none-eabi/11.3.1/../../../../arm-none-eabi/lib/thumb/v6-m/nofp\libc_nano.a
LOAD D:/DH/STM32/STM32CubeIDE_1.13.2/STM32CubeIDE/plugins/com.st.stm32cube.ide.mcu.externaltools.gnu-tools-for-stm32.11.3.rel1.win32_1.1.1.202309131626/tools/bin/../lib/gcc/arm-none-eabi/11.3.1/../../../../arm-none-eabi/lib/thumb/v6-m/nofp\libnosys.a
END GROUP
LOAD D:/DH/STM32/STM32CubeIDE_1.13.2/STM32CubeIDE/plugins/com.st.stm32cube.ide.mcu.externaltools.gnu-tools-for-stm32.11.3.rel1.win32_1.1.1.202309131626/tools/bin/../lib/gcc/arm-none-eabi/11.3.1/thumb/v6-m/nofp/crtend.o
LOAD D:/DH/STM32/STM32CubeIDE_1.13.2/STM32CubeIDE/plugins/com.st.stm32cube.ide.mcu.externaltools.gnu-tools-for-stm32.11.3.rel1.win32_1.1.1.202309131626/tools/bin/../lib/gcc/arm-none-eabi/11.3.1/thumb/v6-m/nofp/crtn.o
                0x0000000020002000                _estack = (ORIGIN (RAM) + LENGTH (RAM))
                0x0000000000000200                _Min_Heap_Size = 0x200
                0x0000000000000400                _Min_Stack_Size = 0x400

.isr_vector     0x0000000008000000       0xc0
                0x0000000008000000                . = ALIGN (0x4)
 *(.isr_vector)
 .isr_vector    0x0000000008000000       0xc0 ./Startup/startup_stm32f030c8tx.o
                0x0000000008000000                g_pfnVectors
                0x00000000080000c0                . = ALIGN (0x4)

.text           0x00000000080000c0     0x8f5c
                0x00000000080000c0                . = ALIGN (0x4)
 *(.text)
 .text          0x00000000080000c0       0x48 D:/DH/STM32/STM32CubeIDE_1.13.2/STM32CubeIDE/plugins/com.st.stm32cube.ide.mcu.externaltools.gnu-tools-for-stm32.11.3.rel1.win32_1.1.1.202309131626/tools/bin/../lib/gcc/arm-none-eabi/11.3.1/thumb/v6-m/nofp/crtbegin.o
 .text          0x0000000008000108        0xe D:/DH/STM32/STM32CubeIDE_1.13.2/STM32CubeIDE/plugins/com.st.stm32cube.ide.mcu.externaltools.gnu-tools-for-stm32.11.3.rel1.win32_1.1.1.202309131626/tools/bin/../lib/gcc/arm-none-eabi/11.3.1/../../../../arm-none-eabi/lib/thumb/v6-m/nofp\libc_nano.a(libc_a-strlen.o)
                0x0000000008000108                strlen
 *fill*         0x0000000008000116        0x2 
 .text          0x0000000008000118      0x114 D:/DH/STM32/STM32CubeIDE_1.13.2/STM32CubeIDE/plugins/com.st.stm32cube.ide.mcu.externaltools.gnu-tools-for-stm32.11.3.rel1.win32_1.1.1.202309131626/tools/bin/../lib/gcc/arm-none-eabi/11.3.1/thumb/v6-m/nofp\libgcc.a(_udivsi3.o)
                0x0000000008000118                __aeabi_uidiv
                0x0000000008000118                __udivsi3
                0x0000000008000224                __aeabi_uidivmod
 .text          0x000000000800022c      0x1d4 D:/DH/STM32/STM32CubeIDE_1.13.2/STM32CubeIDE/plugins/com.st.stm32cube.ide.mcu.externaltools.gnu-tools-for-stm32.11.3.rel1.win32_1.1.1.202309131626/tools/bin/../lib/gcc/arm-none-eabi/11.3.1/thumb/v6-m/nofp\libgcc.a(_divsi3.o)
                0x000000000800022c                __divsi3
                0x000000000800022c                __aeabi_idiv
                0x00000000080003f8                __aeabi_idivmod
 .text          0x0000000008000400        0x4 D:/DH/STM32/STM32CubeIDE_1.13.2/STM32CubeIDE/plugins/com.st.stm32cube.ide.mcu.externaltools.gnu-tools-for-stm32.11.3.rel1.win32_1.1.1.202309131626/tools/bin/../lib/gcc/arm-none-eabi/11.3.1/thumb/v6-m/nofp\libgcc.a(_dvmd_tls.o)
                0x0000000008000400                __aeabi_idiv0
                0x0000000008000400                __aeabi_ldiv0
 .text          0x0000000008000404       0x7c D:/DH/STM32/STM32CubeIDE_1.13.2/STM32CubeIDE/plugins/com.st.stm32cube.ide.mcu.externaltools.gnu-tools-for-stm32.11.3.rel1.win32_1.1.1.202309131626/tools/bin/../lib/gcc/arm-none-eabi/11.3.1/thumb/v6-m/nofp\libgcc.a(_arm_cmpdf2.o)
                0x0000000008000404                __aeabi_cdrcmple
                0x0000000008000414                __aeabi_cdcmple
                0x0000000008000414                __aeabi_cdcmpeq
                0x0000000008000424                __aeabi_dcmpeq
                0x0000000008000430                __aeabi_dcmplt
                0x0000000008000444                __aeabi_dcmple
                0x0000000008000458                __aeabi_dcmpgt
                0x000000000800046c                __aeabi_dcmpge
 .text          0x0000000008000480      0x340 D:/DH/STM32/STM32CubeIDE_1.13.2/STM32CubeIDE/plugins/com.st.stm32cube.ide.mcu.externaltools.gnu-tools-for-stm32.11.3.rel1.win32_1.1.1.202309131626/tools/bin/../lib/gcc/arm-none-eabi/11.3.1/thumb/v6-m/nofp\libgcc.a(addsf3.o)
                0x0000000008000480                __aeabi_fadd
 .text          0x00000000080007c0      0x29c D:/DH/STM32/STM32CubeIDE_1.13.2/STM32CubeIDE/plugins/com.st.stm32cube.ide.mcu.externaltools.gnu-tools-for-stm32.11.3.rel1.win32_1.1.1.202309131626/tools/bin/../lib/gcc/arm-none-eabi/11.3.1/thumb/v6-m/nofp\libgcc.a(mulsf3.o)
                0x00000000080007c0                __aeabi_fmul
 .text          0x0000000008000a5c      0x340 D:/DH/STM32/STM32CubeIDE_1.13.2/STM32CubeIDE/plugins/com.st.stm32cube.ide.mcu.externaltools.gnu-tools-for-stm32.11.3.rel1.win32_1.1.1.202309131626/tools/bin/../lib/gcc/arm-none-eabi/11.3.1/thumb/v6-m/nofp\libgcc.a(subsf3.o)
                0x0000000008000a5c                __aeabi_fsub
 .text          0x0000000008000d9c       0x40 D:/DH/STM32/STM32CubeIDE_1.13.2/STM32CubeIDE/plugins/com.st.stm32cube.ide.mcu.externaltools.gnu-tools-for-stm32.11.3.rel1.win32_1.1.1.202309131626/tools/bin/../lib/gcc/arm-none-eabi/11.3.1/thumb/v6-m/nofp\libgcc.a(fixsfsi.o)
                0x0000000008000d9c                __aeabi_f2iz
 .text          0x0000000008000ddc       0xa4 D:/DH/STM32/STM32CubeIDE_1.13.2/STM32CubeIDE/plugins/com.st.stm32cube.ide.mcu.externaltools.gnu-tools-for-stm32.11.3.rel1.win32_1.1.1.202309131626/tools/bin/../lib/gcc/arm-none-eabi/11.3.1/thumb/v6-m/nofp\libgcc.a(floatsisf.o)
                0x0000000008000ddc                __aeabi_i2f
 .text          0x0000000008000e80      0x6c0 D:/DH/STM32/STM32CubeIDE_1.13.2/STM32CubeIDE/plugins/com.st.stm32cube.ide.mcu.externaltools.gnu-tools-for-stm32.11.3.rel1.win32_1.1.1.202309131626/tools/bin/../lib/gcc/arm-none-eabi/11.3.1/thumb/v6-m/nofp\libgcc.a(adddf3.o)
                0x0000000008000e80                __aeabi_dadd
 .text          0x0000000008001540      0x5dc D:/DH/STM32/STM32CubeIDE_1.13.2/STM32CubeIDE/plugins/com.st.stm32cube.ide.mcu.externaltools.gnu-tools-for-stm32.11.3.rel1.win32_1.1.1.202309131626/tools/bin/../lib/gcc/arm-none-eabi/11.3.1/thumb/v6-m/nofp\libgcc.a(divdf3.o)
                0x0000000008001540                __aeabi_ddiv
 .text          0x0000000008001b1c       0x84 D:/DH/STM32/STM32CubeIDE_1.13.2/STM32CubeIDE/plugins/com.st.stm32cube.ide.mcu.externaltools.gnu-tools-for-stm32.11.3.rel1.win32_1.1.1.202309131626/tools/bin/../lib/gcc/arm-none-eabi/11.3.1/thumb/v6-m/nofp\libgcc.a(eqdf2.o)
                0x0000000008001b1c                __nedf2
                0x0000000008001b1c                __eqdf2
 .text          0x0000000008001ba0       0xcc D:/DH/STM32/STM32CubeIDE_1.13.2/STM32CubeIDE/plugins/com.st.stm32cube.ide.mcu.externaltools.gnu-tools-for-stm32.11.3.rel1.win32_1.1.1.202309131626/tools/bin/../lib/gcc/arm-none-eabi/11.3.1/thumb/v6-m/nofp\libgcc.a(gedf2.o)
                0x0000000008001ba0                __gedf2
                0x0000000008001ba0                __gtdf2
 .text          0x0000000008001c6c       0xc8 D:/DH/STM32/STM32CubeIDE_1.13.2/STM32CubeIDE/plugins/com.st.stm32cube.ide.mcu.externaltools.gnu-tools-for-stm32.11.3.rel1.win32_1.1.1.202309131626/tools/bin/../lib/gcc/arm-none-eabi/11.3.1/thumb/v6-m/nofp\libgcc.a(ledf2.o)
                0x0000000008001c6c                __ledf2
                0x0000000008001c6c                __ltdf2
 .text          0x0000000008001d34      0x584 D:/DH/STM32/STM32CubeIDE_1.13.2/STM32CubeIDE/plugins/com.st.stm32cube.ide.mcu.externaltools.gnu-tools-for-stm32.11.3.rel1.win32_1.1.1.202309131626/tools/bin/../lib/gcc/arm-none-eabi/11.3.1/thumb/v6-m/nofp\libgcc.a(muldf3.o)
                0x0000000008001d34                __aeabi_dmul
 .text          0x00000000080022b8      0x704 D:/DH/STM32/STM32CubeIDE_1.13.2/STM32CubeIDE/plugins/com.st.stm32cube.ide.mcu.externaltools.gnu-tools-for-stm32.11.3.rel1.win32_1.1.1.202309131626/tools/bin/../lib/gcc/arm-none-eabi/11.3.1/thumb/v6-m/nofp\libgcc.a(subdf3.o)
                0x00000000080022b8                __aeabi_dsub
 .text          0x00000000080029bc       0x3c D:/DH/STM32/STM32CubeIDE_1.13.2/STM32CubeIDE/plugins/com.st.stm32cube.ide.mcu.externaltools.gnu-tools-for-stm32.11.3.rel1.win32_1.1.1.202309131626/tools/bin/../lib/gcc/arm-none-eabi/11.3.1/thumb/v6-m/nofp\libgcc.a(unorddf2.o)
                0x00000000080029bc                __aeabi_dcmpun
 .text          0x00000000080029f8       0x6c D:/DH/STM32/STM32CubeIDE_1.13.2/STM32CubeIDE/plugins/com.st.stm32cube.ide.mcu.externaltools.gnu-tools-for-stm32.11.3.rel1.win32_1.1.1.202309131626/tools/bin/../lib/gcc/arm-none-eabi/11.3.1/thumb/v6-m/nofp\libgcc.a(fixdfsi.o)
                0x00000000080029f8                __aeabi_d2iz
 .text          0x0000000008002a64       0x60 D:/DH/STM32/STM32CubeIDE_1.13.2/STM32CubeIDE/plugins/com.st.stm32cube.ide.mcu.externaltools.gnu-tools-for-stm32.11.3.rel1.win32_1.1.1.202309131626/tools/bin/../lib/gcc/arm-none-eabi/11.3.1/thumb/v6-m/nofp\libgcc.a(floatsidf.o)
                0x0000000008002a64                __aeabi_i2d
 .text          0x0000000008002ac4      0x10c D:/DH/STM32/STM32CubeIDE_1.13.2/STM32CubeIDE/plugins/com.st.stm32cube.ide.mcu.externaltools.gnu-tools-for-stm32.11.3.rel1.win32_1.1.1.202309131626/tools/bin/../lib/gcc/arm-none-eabi/11.3.1/thumb/v6-m/nofp\libgcc.a(truncdfsf2.o)
                0x0000000008002ac4                __aeabi_d2f
 .text          0x0000000008002bd0       0x3c D:/DH/STM32/STM32CubeIDE_1.13.2/STM32CubeIDE/plugins/com.st.stm32cube.ide.mcu.externaltools.gnu-tools-for-stm32.11.3.rel1.win32_1.1.1.202309131626/tools/bin/../lib/gcc/arm-none-eabi/11.3.1/thumb/v6-m/nofp\libgcc.a(_clzsi2.o)
                0x0000000008002bd0                __clzsi2
 *(.text*)
 .text.SystemInit
                0x0000000008002c0c       0x8c ./SDK_ROBI_STM32F0_1.0.0/shared/Drivers/CMSIS/Source/system_stm32f0xx.o
                0x0000000008002c0c                SystemInit
 .text.SystemCoreClockUpdate
                0x0000000008002c98       0xec ./SDK_ROBI_STM32F0_1.0.0/shared/Drivers/CMSIS/Source/system_stm32f0xx.o
                0x0000000008002c98                SystemCoreClockUpdate
 .text.SetSysClock
                0x0000000008002d84       0xe0 ./SDK_ROBI_STM32F0_1.0.0/shared/Drivers/CMSIS/Source/system_stm32f0xx.o
 .text.ADC_DeInit
                0x0000000008002e64       0x34 ./SDK_ROBI_STM32F0_1.0.0/shared/Drivers/STM32F0xx_StdPeriph_Driver/src/stm32f0xx_adc.o
                0x0000000008002e64                ADC_DeInit
 .text.ADC_Init
                0x0000000008002e98       0x58 ./SDK_ROBI_STM32F0_1.0.0/shared/Drivers/STM32F0xx_StdPeriph_Driver/src/stm32f0xx_adc.o
                0x0000000008002e98                ADC_Init
 .text.ADC_StructInit
                0x0000000008002ef0       0x34 ./SDK_ROBI_STM32F0_1.0.0/shared/Drivers/STM32F0xx_StdPeriph_Driver/src/stm32f0xx_adc.o
                0x0000000008002ef0                ADC_StructInit
 .text.ADC_Cmd  0x0000000008002f24       0x38 ./SDK_ROBI_STM32F0_1.0.0/shared/Drivers/STM32F0xx_StdPeriph_Driver/src/stm32f0xx_adc.o
                0x0000000008002f24                ADC_Cmd
 .text.ADC_ChannelConfig
                0x0000000008002f5c       0x3a ./SDK_ROBI_STM32F0_1.0.0/shared/Drivers/STM32F0xx_StdPeriph_Driver/src/stm32f0xx_adc.o
                0x0000000008002f5c                ADC_ChannelConfig
 .text.ADC_GetCalibrationFactor
                0x0000000008002f96       0x60 ./SDK_ROBI_STM32F0_1.0.0/shared/Drivers/STM32F0xx_StdPeriph_Driver/src/stm32f0xx_adc.o
                0x0000000008002f96                ADC_GetCalibrationFactor
 .text.ADC_StartOfConversion
                0x0000000008002ff6       0x1c ./SDK_ROBI_STM32F0_1.0.0/shared/Drivers/STM32F0xx_StdPeriph_Driver/src/stm32f0xx_adc.o
                0x0000000008002ff6                ADC_StartOfConversion
 .text.ADC_DMACmd
                0x0000000008003012       0x3a ./SDK_ROBI_STM32F0_1.0.0/shared/Drivers/STM32F0xx_StdPeriph_Driver/src/stm32f0xx_adc.o
                0x0000000008003012                ADC_DMACmd
 .text.ADC_DMARequestModeConfig
                0x000000000800304c       0x2c ./SDK_ROBI_STM32F0_1.0.0/shared/Drivers/STM32F0xx_StdPeriph_Driver/src/stm32f0xx_adc.o
                0x000000000800304c                ADC_DMARequestModeConfig
 .text.ADC_GetFlagStatus
                0x0000000008003078       0x60 ./SDK_ROBI_STM32F0_1.0.0/shared/Drivers/STM32F0xx_StdPeriph_Driver/src/stm32f0xx_adc.o
                0x0000000008003078                ADC_GetFlagStatus
 .text.DMA_DeInit
                0x00000000080030d8      0x188 ./SDK_ROBI_STM32F0_1.0.0/shared/Drivers/STM32F0xx_StdPeriph_Driver/src/stm32f0xx_dma.o
                0x00000000080030d8                DMA_DeInit
 .text.DMA_Init
                0x0000000008003260       0x7c ./SDK_ROBI_STM32F0_1.0.0/shared/Drivers/STM32F0xx_StdPeriph_Driver/src/stm32f0xx_dma.o
                0x0000000008003260                DMA_Init
 .text.DMA_Cmd  0x00000000080032dc       0x3c ./SDK_ROBI_STM32F0_1.0.0/shared/Drivers/STM32F0xx_StdPeriph_Driver/src/stm32f0xx_dma.o
                0x00000000080032dc                DMA_Cmd
 .text.EXTI_Init
                0x0000000008003318       0xe0 ./SDK_ROBI_STM32F0_1.0.0/shared/Drivers/STM32F0xx_StdPeriph_Driver/src/stm32f0xx_exti.o
                0x0000000008003318                EXTI_Init
 .text.EXTI_GetFlagStatus
                0x00000000080033f8       0x3c ./SDK_ROBI_STM32F0_1.0.0/shared/Drivers/STM32F0xx_StdPeriph_Driver/src/stm32f0xx_exti.o
                0x00000000080033f8                EXTI_GetFlagStatus
 .text.EXTI_ClearITPendingBit
                0x0000000008003434       0x1c ./SDK_ROBI_STM32F0_1.0.0/shared/Drivers/STM32F0xx_StdPeriph_Driver/src/stm32f0xx_exti.o
                0x0000000008003434                EXTI_ClearITPendingBit
 .text.GPIO_Init
                0x0000000008003450      0x128 ./SDK_ROBI_STM32F0_1.0.0/shared/Drivers/STM32F0xx_StdPeriph_Driver/src/stm32f0xx_gpio.o
                0x0000000008003450                GPIO_Init
 .text.GPIO_ReadInputDataBit
                0x0000000008003578       0x46 ./SDK_ROBI_STM32F0_1.0.0/shared/Drivers/STM32F0xx_StdPeriph_Driver/src/stm32f0xx_gpio.o
                0x0000000008003578                GPIO_ReadInputDataBit
 .text.GPIO_SetBits
                0x00000000080035be       0x1e ./SDK_ROBI_STM32F0_1.0.0/shared/Drivers/STM32F0xx_StdPeriph_Driver/src/stm32f0xx_gpio.o
                0x00000000080035be                GPIO_SetBits
 .text.GPIO_ResetBits
                0x00000000080035dc       0x1e ./SDK_ROBI_STM32F0_1.0.0/shared/Drivers/STM32F0xx_StdPeriph_Driver/src/stm32f0xx_gpio.o
                0x00000000080035dc                GPIO_ResetBits
 .text.GPIO_PinAFConfig
                0x00000000080035fa       0xa4 ./SDK_ROBI_STM32F0_1.0.0/shared/Drivers/STM32F0xx_StdPeriph_Driver/src/stm32f0xx_gpio.o
                0x00000000080035fa                GPIO_PinAFConfig
 *fill*         0x000000000800369e        0x2 
 .text.NVIC_Init
                0x00000000080036a0       0xac ./SDK_ROBI_STM32F0_1.0.0/shared/Drivers/STM32F0xx_StdPeriph_Driver/src/stm32f0xx_misc.o
                0x00000000080036a0                NVIC_Init
 .text.RCC_GetClocksFreq
                0x000000000800374c      0x2f8 ./SDK_ROBI_STM32F0_1.0.0/shared/Drivers/STM32F0xx_StdPeriph_Driver/src/stm32f0xx_rcc.o
                0x000000000800374c                RCC_GetClocksFreq
 .text.RCC_AHBPeriphClockCmd
                0x0000000008003a44       0x40 ./SDK_ROBI_STM32F0_1.0.0/shared/Drivers/STM32F0xx_StdPeriph_Driver/src/stm32f0xx_rcc.o
                0x0000000008003a44                RCC_AHBPeriphClockCmd
 .text.RCC_APB2PeriphClockCmd
                0x0000000008003a84       0x40 ./SDK_ROBI_STM32F0_1.0.0/shared/Drivers/STM32F0xx_StdPeriph_Driver/src/stm32f0xx_rcc.o
                0x0000000008003a84                RCC_APB2PeriphClockCmd
 .text.RCC_APB2PeriphResetCmd
                0x0000000008003ac4       0x40 ./SDK_ROBI_STM32F0_1.0.0/shared/Drivers/STM32F0xx_StdPeriph_Driver/src/stm32f0xx_rcc.o
                0x0000000008003ac4                RCC_APB2PeriphResetCmd
 .text.RCC_APB1PeriphResetCmd
                0x0000000008003b04       0x40 ./SDK_ROBI_STM32F0_1.0.0/shared/Drivers/STM32F0xx_StdPeriph_Driver/src/stm32f0xx_rcc.o
                0x0000000008003b04                RCC_APB1PeriphResetCmd
 .text.SPI_I2S_DeInit
                0x0000000008003b44       0x5c ./SDK_ROBI_STM32F0_1.0.0/shared/Drivers/STM32F0xx_StdPeriph_Driver/src/stm32f0xx_spi.o
                0x0000000008003b44                SPI_I2S_DeInit
 .text.SPI_Init
                0x0000000008003ba0       0xe4 ./SDK_ROBI_STM32F0_1.0.0/shared/Drivers/STM32F0xx_StdPeriph_Driver/src/stm32f0xx_spi.o
                0x0000000008003ba0                SPI_Init
 .text.SPI_Cmd  0x0000000008003c84       0x40 ./SDK_ROBI_STM32F0_1.0.0/shared/Drivers/STM32F0xx_StdPeriph_Driver/src/stm32f0xx_spi.o
                0x0000000008003c84                SPI_Cmd
 .text.SPI_SendData8
                0x0000000008003cc4       0x2c ./SDK_ROBI_STM32F0_1.0.0/shared/Drivers/STM32F0xx_StdPeriph_Driver/src/stm32f0xx_spi.o
                0x0000000008003cc4                SPI_SendData8
 .text.SYSCFG_EXTILineConfig
                0x0000000008003cf0       0x90 ./SDK_ROBI_STM32F0_1.0.0/shared/Drivers/STM32F0xx_StdPeriph_Driver/src/stm32f0xx_syscfg.o
                0x0000000008003cf0                SYSCFG_EXTILineConfig
 .text.TIM_TimeBaseInit
                0x0000000008003d80       0xe4 ./SDK_ROBI_STM32F0_1.0.0/shared/Drivers/STM32F0xx_StdPeriph_Driver/src/stm32f0xx_tim.o
                0x0000000008003d80                TIM_TimeBaseInit
 .text.TIM_SetCounter
                0x0000000008003e64       0x18 ./SDK_ROBI_STM32F0_1.0.0/shared/Drivers/STM32F0xx_StdPeriph_Driver/src/stm32f0xx_tim.o
                0x0000000008003e64                TIM_SetCounter
 .text.TIM_Cmd  0x0000000008003e7c       0x40 ./SDK_ROBI_STM32F0_1.0.0/shared/Drivers/STM32F0xx_StdPeriph_Driver/src/stm32f0xx_tim.o
                0x0000000008003e7c                TIM_Cmd
 .text.TIM_CtrlPWMOutputs
                0x0000000008003ebc       0x4c ./SDK_ROBI_STM32F0_1.0.0/shared/Drivers/STM32F0xx_StdPeriph_Driver/src/stm32f0xx_tim.o
                0x0000000008003ebc                TIM_CtrlPWMOutputs
 .text.TIM_OC1Init
                0x0000000008003f08      0x170 ./SDK_ROBI_STM32F0_1.0.0/shared/Drivers/STM32F0xx_StdPeriph_Driver/src/stm32f0xx_tim.o
                0x0000000008003f08                TIM_OC1Init
 .text.TIM_OC2Init
                0x0000000008004078      0x184 ./SDK_ROBI_STM32F0_1.0.0/shared/Drivers/STM32F0xx_StdPeriph_Driver/src/stm32f0xx_tim.o
                0x0000000008004078                TIM_OC2Init
 .text.TIM_OC4Init
                0x00000000080041fc      0x114 ./SDK_ROBI_STM32F0_1.0.0/shared/Drivers/STM32F0xx_StdPeriph_Driver/src/stm32f0xx_tim.o
                0x00000000080041fc                TIM_OC4Init
 .text.TIM_SetCompare1
                0x0000000008004310       0x18 ./SDK_ROBI_STM32F0_1.0.0/shared/Drivers/STM32F0xx_StdPeriph_Driver/src/stm32f0xx_tim.o
                0x0000000008004310                TIM_SetCompare1
 .text.TIM_SetCompare2
                0x0000000008004328       0x18 ./SDK_ROBI_STM32F0_1.0.0/shared/Drivers/STM32F0xx_StdPeriph_Driver/src/stm32f0xx_tim.o
                0x0000000008004328                TIM_SetCompare2
 .text.USART_Init
                0x0000000008004340      0x188 ./SDK_ROBI_STM32F0_1.0.0/shared/Drivers/STM32F0xx_StdPeriph_Driver/src/stm32f0xx_usart.o
                0x0000000008004340                USART_Init
 .text.USART_Cmd
                0x00000000080044c8       0x3a ./SDK_ROBI_STM32F0_1.0.0/shared/Drivers/STM32F0xx_StdPeriph_Driver/src/stm32f0xx_usart.o
                0x00000000080044c8                USART_Cmd
 .text.USART_ReceiveData
                0x0000000008004502       0x1c ./SDK_ROBI_STM32F0_1.0.0/shared/Drivers/STM32F0xx_StdPeriph_Driver/src/stm32f0xx_usart.o
                0x0000000008004502                USART_ReceiveData
 .text.USART_ITConfig
                0x000000000800451e       0x84 ./SDK_ROBI_STM32F0_1.0.0/shared/Drivers/STM32F0xx_StdPeriph_Driver/src/stm32f0xx_usart.o
                0x000000000800451e                USART_ITConfig
 .text.USART_GetITStatus
                0x00000000080045a2       0xae ./SDK_ROBI_STM32F0_1.0.0/shared/Drivers/STM32F0xx_StdPeriph_Driver/src/stm32f0xx_usart.o
                0x00000000080045a2                USART_GetITStatus
 .text.USART_ClearITPendingBit
                0x0000000008004650       0x30 ./SDK_ROBI_STM32F0_1.0.0/shared/Drivers/STM32F0xx_StdPeriph_Driver/src/stm32f0xx_usart.o
                0x0000000008004650                USART_ClearITPendingBit
 .text.Button_Init
                0x0000000008004680       0xe0 ./SDK_ROBI_STM32F0_1.0.0/shared/Middle/button/button.o
                0x0000000008004680                Button_Init
 .text.Button_RegisterEventCallback
                0x0000000008004760       0x34 ./SDK_ROBI_STM32F0_1.0.0/shared/Middle/button/button.o
                0x0000000008004760                Button_RegisterEventCallback
 .text.ButtonScanTypeEdge
                0x0000000008004794      0x230 ./SDK_ROBI_STM32F0_1.0.0/shared/Middle/button/button.o
 .text.ButtonScanEventHandler
                0x00000000080049c4       0x60 ./SDK_ROBI_STM32F0_1.0.0/shared/Middle/button/button.o
 .text.BTNGPIO_Init
                0x0000000008004a24       0x64 ./SDK_ROBI_STM32F0_1.0.0/shared/Middle/button/button.o
 .text.EventButton_Init
                0x0000000008004a88       0x48 ./SDK_ROBI_STM32F0_1.0.0/shared/Middle/button/eventbutton.o
                0x0000000008004a88                EventButton_Init
 .text.ButtonProcessEventEdge
                0x0000000008004ad0       0x46 ./SDK_ROBI_STM32F0_1.0.0/shared/Middle/button/eventbutton.o
 .text.ButtonProcessEventPress
                0x0000000008004b16       0x94 ./SDK_ROBI_STM32F0_1.0.0/shared/Middle/button/eventbutton.o
 .text.ButtonProcessEventHold
                0x0000000008004baa       0x8a ./SDK_ROBI_STM32F0_1.0.0/shared/Middle/button/eventbutton.o
 .text.ButtonProcessEventRelease
                0x0000000008004c34       0x8a ./SDK_ROBI_STM32F0_1.0.0/shared/Middle/button/eventbutton.o
 *fill*         0x0000000008004cbe        0x2 
 .text.BuzzerControl_Init
                0x0000000008004cc0       0x1c ./SDK_ROBI_STM32F0_1.0.0/shared/Middle/buzzer/buzzer.o
                0x0000000008004cc0                BuzzerControl_Init
 .text.BUZZTIM_InitTimer
                0x0000000008004cdc       0x4c ./SDK_ROBI_STM32F0_1.0.0/shared/Middle/buzzer/buzzer.o
 .text.BUZZTIM_InitPWMChannel
                0x0000000008004d28       0xa0 ./SDK_ROBI_STM32F0_1.0.0/shared/Middle/buzzer/buzzer.o
 .text.LCD_ShowChar
                0x0000000008004dc8      0x25c ./SDK_ROBI_STM32F0_1.0.0/shared/Middle/lcd/GUI.o
                0x0000000008004dc8                LCD_ShowChar
 .text.GUI_DrawFont16
                0x0000000008005024      0x1f4 ./SDK_ROBI_STM32F0_1.0.0/shared/Middle/lcd/GUI.o
                0x0000000008005024                GUI_DrawFont16
 .text.GUI_DrawFont24
                0x0000000008005218      0x1e4 ./SDK_ROBI_STM32F0_1.0.0/shared/Middle/lcd/GUI.o
                0x0000000008005218                GUI_DrawFont24
 .text.GUI_DrawFont32
                0x00000000080053fc      0x1f4 ./SDK_ROBI_STM32F0_1.0.0/shared/Middle/lcd/GUI.o
                0x00000000080053fc                GUI_DrawFont32
 .text.Show_Str
                0x00000000080055f0      0x258 ./SDK_ROBI_STM32F0_1.0.0/shared/Middle/lcd/GUI.o
                0x00000000080055f0                Show_Str
 .text.Gui_StrCenter
                0x0000000008005848       0x94 ./SDK_ROBI_STM32F0_1.0.0/shared/Middle/lcd/GUI.o
                0x0000000008005848                Gui_StrCenter
 .text.LCD_WR_REG
                0x00000000080058dc       0x54 ./SDK_ROBI_STM32F0_1.0.0/shared/Middle/lcd/lcd.o
                0x00000000080058dc                LCD_WR_REG
 .text.LCD_WR_DATA
                0x0000000008005930       0x54 ./SDK_ROBI_STM32F0_1.0.0/shared/Middle/lcd/lcd.o
                0x0000000008005930                LCD_WR_DATA
 .text.LCD_WriteReg
                0x0000000008005984       0x30 ./SDK_ROBI_STM32F0_1.0.0/shared/Middle/lcd/lcd.o
                0x0000000008005984                LCD_WriteReg
 .text.LCD_WriteRAM_Prepare
                0x00000000080059b4       0x1c ./SDK_ROBI_STM32F0_1.0.0/shared/Middle/lcd/lcd.o
                0x00000000080059b4                LCD_WriteRAM_Prepare
 .text.Lcd_WriteData_16Bit
                0x00000000080059d0       0x6c ./SDK_ROBI_STM32F0_1.0.0/shared/Middle/lcd/lcd.o
                0x00000000080059d0                Lcd_WriteData_16Bit
 .text.LCD_DrawPoint
                0x0000000008005a3c       0x38 ./SDK_ROBI_STM32F0_1.0.0/shared/Middle/lcd/lcd.o
                0x0000000008005a3c                LCD_DrawPoint
 .text.LCD_Clear
                0x0000000008005a74       0x98 ./SDK_ROBI_STM32F0_1.0.0/shared/Middle/lcd/lcd.o
                0x0000000008005a74                LCD_Clear
 .text.LCD_ClearCursor
                0x0000000008005b0c       0xf4 ./SDK_ROBI_STM32F0_1.0.0/shared/Middle/lcd/lcd.o
                0x0000000008005b0c                LCD_ClearCursor
 .text.LCD_RESET
                0x0000000008005c00       0x38 ./SDK_ROBI_STM32F0_1.0.0/shared/Middle/lcd/lcd.o
                0x0000000008005c00                LCD_RESET
 .text.LCD_Init
                0x0000000008005c38      0x250 ./SDK_ROBI_STM32F0_1.0.0/shared/Middle/lcd/lcd.o
                0x0000000008005c38                LCD_Init
 .text.LCD_SetWindows
                0x0000000008005e88       0xc0 ./SDK_ROBI_STM32F0_1.0.0/shared/Middle/lcd/lcd.o
                0x0000000008005e88                LCD_SetWindows
 .text.LCD_SetCursor
                0x0000000008005f48       0x30 ./SDK_ROBI_STM32F0_1.0.0/shared/Middle/lcd/lcd.o
                0x0000000008005f48                LCD_SetCursor
 .text.LCD_direction
                0x0000000008005f78       0xa8 ./SDK_ROBI_STM32F0_1.0.0/shared/Middle/lcd/lcd.o
                0x0000000008005f78                LCD_direction
 .text.LCDGPIO_Config
                0x0000000008006020       0x58 ./SDK_ROBI_STM32F0_1.0.0/shared/Middle/lcd/lcd.o
 .text.LCDSPI_Config
                0x0000000008006078       0xdc ./SDK_ROBI_STM32F0_1.0.0/shared/Middle/lcd/lcd.o
 .text.LCDSPI_WriteByte
                0x0000000008006154       0x2c ./SDK_ROBI_STM32F0_1.0.0/shared/Middle/lcd/lcd.o
 .text.LedControl_Init
                0x0000000008006180        0xe ./SDK_ROBI_STM32F0_1.0.0/shared/Middle/led/led.o
                0x0000000008006180                LedControl_Init
 *fill*         0x000000000800618e        0x2 
 .text.LedControl_SetColorIndividual
                0x0000000008006190      0x100 ./SDK_ROBI_STM32F0_1.0.0/shared/Middle/led/led.o
                0x0000000008006190                LedControl_SetColorIndividual
 .text.LedControl_SetColorGeneral
                0x0000000008006290      0x128 ./SDK_ROBI_STM32F0_1.0.0/shared/Middle/led/led.o
                0x0000000008006290                LedControl_SetColorGeneral
 .text.LEDGPIO_Config
                0x00000000080063b8       0x70 ./SDK_ROBI_STM32F0_1.0.0/shared/Middle/led/led.o
 .text.Encoder_Init
                0x0000000008006428       0x16 ./SDK_ROBI_STM32F0_1.0.0/shared/Middle/motor/encoder.o
                0x0000000008006428                Encoder_Init
 *fill*         0x000000000800643e        0x2 
 .text.EncoderL_GPIO_Config
                0x0000000008006440       0x90 ./SDK_ROBI_STM32F0_1.0.0/shared/Middle/motor/encoder.o
 .text.EncoderR_GPIO_Config
                0x00000000080064d0       0x90 ./SDK_ROBI_STM32F0_1.0.0/shared/Middle/motor/encoder.o
 .text.binaryToDecimal
                0x0000000008006560       0xdc ./SDK_ROBI_STM32F0_1.0.0/shared/Middle/motor/encoder.o
                0x0000000008006560                binaryToDecimal
 .text.EXTI4_15_IRQHandler
                0x000000000800663c      0x120 ./SDK_ROBI_STM32F0_1.0.0/shared/Middle/motor/encoder.o
                0x000000000800663c                EXTI4_15_IRQHandler
 .text.CalculateSpeed
                0x000000000800675c       0xf4 ./SDK_ROBI_STM32F0_1.0.0/shared/Middle/motor/encoder.o
 .text.ScanTimer
                0x0000000008006850       0x48 ./SDK_ROBI_STM32F0_1.0.0/shared/Middle/motor/encoder.o
 .text.MotorControl_Init
                0x0000000008006898       0x12 ./SDK_ROBI_STM32F0_1.0.0/shared/Middle/motor/motor.o
                0x0000000008006898                MotorControl_Init
 *fill*         0x00000000080068aa        0x2 
 .text.MR_GPIO_Config
                0x00000000080068ac      0x150 ./SDK_ROBI_STM32F0_1.0.0/shared/Middle/motor/motor.o
 .text.ML_GPIO_Config
                0x00000000080069fc      0x134 ./SDK_ROBI_STM32F0_1.0.0/shared/Middle/motor/motor.o
 .text.MotorControl_ForwardRotating
                0x0000000008006b30       0xc0 ./SDK_ROBI_STM32F0_1.0.0/shared/Middle/motor/motor.o
                0x0000000008006b30                MotorControl_ForwardRotating
 .text.MotorControl_ReverseRotating
                0x0000000008006bf0       0xc0 ./SDK_ROBI_STM32F0_1.0.0/shared/Middle/motor/motor.o
                0x0000000008006bf0                MotorControl_ReverseRotating
 .text.Check_InLine
                0x0000000008006cb0       0x8c ./SDK_ROBI_STM32F0_1.0.0/shared/Middle/motor/pid.o
                0x0000000008006cb0                Check_InLine
 .text.LineFollow
                0x0000000008006d3c      0x118 ./SDK_ROBI_STM32F0_1.0.0/shared/Middle/motor/pid.o
                0x0000000008006d3c                LineFollow
 .text.PID_Control
                0x0000000008006e54      0x17c ./SDK_ROBI_STM32F0_1.0.0/shared/Middle/motor/pid.o
                0x0000000008006e54                PID_Control
 .text.MotorControl_PID
                0x0000000008006fd0       0x50 ./SDK_ROBI_STM32F0_1.0.0/shared/Middle/motor/pid.o
                0x0000000008006fd0                MotorControl_PID
 .text.EventSchedulerInit
                0x0000000008007020       0x38 ./SDK_ROBI_STM32F0_1.0.0/shared/Middle/rtos/eventman.o
                0x0000000008007020                EventSchedulerInit
 .text.EventSchedulerAdd
                0x0000000008007058       0x30 ./SDK_ROBI_STM32F0_1.0.0/shared/Middle/rtos/eventman.o
                0x0000000008007058                EventSchedulerAdd
 .text.processEventScheduler
                0x0000000008007088       0x3c ./SDK_ROBI_STM32F0_1.0.0/shared/Middle/rtos/eventman.o
                0x0000000008007088                processEventScheduler
 .text.NVIC_SetPriority
                0x00000000080070c4       0xdc ./SDK_ROBI_STM32F0_1.0.0/shared/Middle/rtos/timer.o
 .text.SysTick_Config
                0x00000000080071a0       0x48 ./SDK_ROBI_STM32F0_1.0.0/shared/Middle/rtos/timer.o
 .text.TimerInit
                0x00000000080071e8       0x4c ./SDK_ROBI_STM32F0_1.0.0/shared/Middle/rtos/timer.o
                0x00000000080071e8                TimerInit
 .text.TimerStart
                0x0000000008007234       0xe8 ./SDK_ROBI_STM32F0_1.0.0/shared/Middle/rtos/timer.o
                0x0000000008007234                TimerStart
 .text.TimerStop
                0x000000000800731c       0xa8 ./SDK_ROBI_STM32F0_1.0.0/shared/Middle/rtos/timer.o
                0x000000000800731c                TimerStop
 .text.GetMilSecTick
                0x00000000080073c4       0x14 ./SDK_ROBI_STM32F0_1.0.0/shared/Middle/rtos/timer.o
                0x00000000080073c4                GetMilSecTick
 .text.processTimerScheduler
                0x00000000080073d8      0x11c ./SDK_ROBI_STM32F0_1.0.0/shared/Middle/rtos/timer.o
                0x00000000080073d8                processTimerScheduler
 .text.TimeExpired
                0x00000000080074f4       0xe4 ./SDK_ROBI_STM32F0_1.0.0/shared/Middle/rtos/timer.o
 .text.SysTick_Handler
                0x00000000080075d8       0x18 ./SDK_ROBI_STM32F0_1.0.0/shared/Middle/rtos/timer.o
                0x00000000080075d8                SysTick_Handler
 .text.OpticalSensor_Init
                0x00000000080075f0      0x1b4 ./SDK_ROBI_STM32F0_1.0.0/shared/Middle/sensor/optical_sensor.o
                0x00000000080075f0                OpticalSensor_Init
 .text.OpticalSensor_MeasureUseDMAMode
                0x00000000080077a4       0x30 ./SDK_ROBI_STM32F0_1.0.0/shared/Middle/sensor/optical_sensor.o
                0x00000000080077a4                OpticalSensor_MeasureUseDMAMode
 .text.SamplingWhite
                0x00000000080077d4       0xac ./SDK_ROBI_STM32F0_1.0.0/shared/Middle/sensor/optical_sensor.o
                0x00000000080077d4                SamplingWhite
 .text.SamplingBlack
                0x0000000008007880       0xac ./SDK_ROBI_STM32F0_1.0.0/shared/Middle/sensor/optical_sensor.o
                0x0000000008007880                SamplingBlack
 .text.Calculate_AdcThreshold
                0x000000000800792c       0x64 ./SDK_ROBI_STM32F0_1.0.0/shared/Middle/sensor/optical_sensor.o
                0x000000000800792c                Calculate_AdcThreshold
 .text.Serial_Init
                0x0000000008007990       0x44 ./SDK_ROBI_STM32F0_1.0.0/shared/Middle/serial/serial.o
                0x0000000008007990                Serial_Init
 .text.UART_RegBufferRx
                0x00000000080079d4       0x28 ./SDK_ROBI_STM32F0_1.0.0/shared/Middle/serial/serial.o
                0x00000000080079d4                UART_RegBufferRx
 .text.UART_Init
                0x00000000080079fc      0x11c ./SDK_ROBI_STM32F0_1.0.0/shared/Middle/serial/serial.o
                0x00000000080079fc                UART_Init
 .text.USART1_IRQHandler
                0x0000000008007b18       0x64 ./SDK_ROBI_STM32F0_1.0.0/shared/Middle/serial/serial.o
                0x0000000008007b18                USART1_IRQHandler
 .text.bufInit  0x0000000008007b7c       0x3c ./SDK_ROBI_STM32F0_1.0.0/shared/Utilities/buff.o
                0x0000000008007b7c                bufInit
 .text.bufIsFull
                0x0000000008007bb8       0x20 ./SDK_ROBI_STM32F0_1.0.0/shared/Utilities/buff.o
                0x0000000008007bb8                bufIsFull
 .text.bufIsEmpty
                0x0000000008007bd8       0x20 ./SDK_ROBI_STM32F0_1.0.0/shared/Utilities/buff.o
                0x0000000008007bd8                bufIsEmpty
 .text.bufFlush
                0x0000000008007bf8       0x32 ./SDK_ROBI_STM32F0_1.0.0/shared/Utilities/buff.o
                0x0000000008007bf8                bufFlush
 .text.bufEnDat
                0x0000000008007c2a       0xb0 ./SDK_ROBI_STM32F0_1.0.0/shared/Utilities/buff.o
                0x0000000008007c2a                bufEnDat
 .text.bufDeDat
                0x0000000008007cda       0x9a ./SDK_ROBI_STM32F0_1.0.0/shared/Utilities/buff.o
                0x0000000008007cda                bufDeDat
 .text.memsetl  0x0000000008007d74       0x3e ./SDK_ROBI_STM32F0_1.0.0/shared/Utilities/utilities.o
                0x0000000008007d74                memsetl
 .text.dwCalculatorTime
                0x0000000008007db2       0x2a ./SDK_ROBI_STM32F0_1.0.0/shared/Utilities/utilities.o
                0x0000000008007db2                dwCalculatorTime
 .text.delay_ms
                0x0000000008007ddc       0x3a ./SDK_ROBI_STM32F0_1.0.0/shared/Utilities/utilities.o
                0x0000000008007ddc                delay_ms
 .text.main     0x0000000008007e16       0x22 ./Src/main.o
                0x0000000008007e16                main
 .text.AppInitCommon
                0x0000000008007e38       0x8c ./Src/main.o
 .text.LoadConfiguration
                0x0000000008007ec4        0xa ./Src/main.o
                0x0000000008007ec4                LoadConfiguration
 .text.AppStateManager
                0x0000000008007ece       0x54 ./Src/main.o
 *fill*         0x0000000008007f22        0x2 
 .text.SetStateApp
                0x0000000008007f24       0x20 ./Src/main.o
 .text.GetStateApp
                0x0000000008007f44       0x14 ./Src/main.o
 .text.DeviceStateMachine
                0x0000000008007f58       0x54 ./Src/main.o
 .text.SetLed_Red
                0x0000000008007fac       0x1a ./Src/main.o
                0x0000000008007fac                SetLed_Red
 .text.SetLed_Green
                0x0000000008007fc6       0x1a ./Src/main.o
                0x0000000008007fc6                SetLed_Green
 .text.SetLed_Blue
                0x0000000008007fe0       0x1a ./Src/main.o
                0x0000000008007fe0                SetLed_Blue
 *fill*         0x0000000008007ffa        0x2 
 .text.BlinkLed
                0x0000000008007ffc       0xc8 ./Src/main.o
                0x0000000008007ffc                BlinkLed
 .text.CalculatorTime
                0x00000000080080c4       0x30 ./Src/main.o
                0x00000000080080c4                CalculatorTime
 .text.LineFollow_Process
                0x00000000080080f4       0x40 ./Src/main.o
 .text.Reset_Handler
                0x0000000008008134       0x50 ./Startup/startup_stm32f030c8tx.o
                0x0000000008008134                Reset_Handler
 .text.Default_Handler
                0x0000000008008184        0x2 ./Startup/startup_stm32f030c8tx.o
                0x0000000008008184                TIM1_CC_IRQHandler
                0x0000000008008184                HardFault_Handler
                0x0000000008008184                TIM6_IRQHandler
                0x0000000008008184                PVD_IRQHandler
                0x0000000008008184                PendSV_Handler
                0x0000000008008184                NMI_Handler
                0x0000000008008184                I2C1_IRQHandler
                0x0000000008008184                SPI1_IRQHandler
                0x0000000008008184                EXTI2_3_IRQHandler
                0x0000000008008184                I2C2_IRQHandler
                0x0000000008008184                TIM17_IRQHandler
                0x0000000008008184                RTC_IRQHandler
                0x0000000008008184                TIM16_IRQHandler
                0x0000000008008184                TIM3_IRQHandler
                0x0000000008008184                RCC_IRQHandler
                0x0000000008008184                Default_Handler
                0x0000000008008184                TIM14_IRQHandler
                0x0000000008008184                ADC_IRQHandler
                0x0000000008008184                DMA1_CH2_3_IRQHandler
                0x0000000008008184                TIM15_IRQHandler
                0x0000000008008184                EXTI0_1_IRQHandler
                0x0000000008008184                USB_IRQHandler
                0x0000000008008184                SPI2_IRQHandler
                0x0000000008008184                DMA1_CH1_IRQHandler
                0x0000000008008184                SVC_Handler
                0x0000000008008184                DMA1_CH4_5_IRQHandler
                0x0000000008008184                WWDG_IRQHandler
                0x0000000008008184                USART2_IRQHandler
                0x0000000008008184                FLASH_IRQHandler
                0x0000000008008184                TIM1_BRK_UP_TRG_COM_IRQHandler
                0x0000000008008184                USART3_4_5_6_IRQHandler
 .text.memset   0x0000000008008186       0x10 D:/DH/STM32/STM32CubeIDE_1.13.2/STM32CubeIDE/plugins/com.st.stm32cube.ide.mcu.externaltools.gnu-tools-for-stm32.11.3.rel1.win32_1.1.1.202309131626/tools/bin/../lib/gcc/arm-none-eabi/11.3.1/../../../../arm-none-eabi/lib/thumb/v6-m/nofp\libc_nano.a(libc_a-memset.o)
                0x0000000008008186                memset
 *fill*         0x0000000008008196        0x2 
 .text.__errno  0x0000000008008198        0xc D:/DH/STM32/STM32CubeIDE_1.13.2/STM32CubeIDE/plugins/com.st.stm32cube.ide.mcu.externaltools.gnu-tools-for-stm32.11.3.rel1.win32_1.1.1.202309131626/tools/bin/../lib/gcc/arm-none-eabi/11.3.1/../../../../arm-none-eabi/lib/thumb/v6-m/nofp\libc_nano.a(libc_a-errno.o)
                0x0000000008008198                __errno
 .text.__libc_init_array
                0x00000000080081a4       0x48 D:/DH/STM32/STM32CubeIDE_1.13.2/STM32CubeIDE/plugins/com.st.stm32cube.ide.mcu.externaltools.gnu-tools-for-stm32.11.3.rel1.win32_1.1.1.202309131626/tools/bin/../lib/gcc/arm-none-eabi/11.3.1/../../../../arm-none-eabi/lib/thumb/v6-m/nofp\libc_nano.a(libc_a-init.o)
                0x00000000080081a4                __libc_init_array
 .text.pow      0x00000000080081ec       0xdc D:/DH/STM32/STM32CubeIDE_1.13.2/STM32CubeIDE/plugins/com.st.stm32cube.ide.mcu.externaltools.gnu-tools-for-stm32.11.3.rel1.win32_1.1.1.202309131626/tools/bin/../lib/gcc/arm-none-eabi/11.3.1/../../../../arm-none-eabi/lib/thumb/v6-m/nofp\libm.a(libm_a-w_pow.o)
                0x00000000080081ec                pow
 .text.finite   0x00000000080082c8       0x10 D:/DH/STM32/STM32CubeIDE_1.13.2/STM32CubeIDE/plugins/com.st.stm32cube.ide.mcu.externaltools.gnu-tools-for-stm32.11.3.rel1.win32_1.1.1.202309131626/tools/bin/../lib/gcc/arm-none-eabi/11.3.1/../../../../arm-none-eabi/lib/thumb/v6-m/nofp\libm.a(libm_a-s_finite.o)
                0x00000000080082c8                finite
 .text.__ieee754_pow
                0x00000000080082d8      0xa14 D:/DH/STM32/STM32CubeIDE_1.13.2/STM32CubeIDE/plugins/com.st.stm32cube.ide.mcu.externaltools.gnu-tools-for-stm32.11.3.rel1.win32_1.1.1.202309131626/tools/bin/../lib/gcc/arm-none-eabi/11.3.1/../../../../arm-none-eabi/lib/thumb/v6-m/nofp\libm.a(libm_a-e_pow.o)
                0x00000000080082d8                __ieee754_pow
 .text.fabs     0x0000000008008cec        0x8 D:/DH/STM32/STM32CubeIDE_1.13.2/STM32CubeIDE/plugins/com.st.stm32cube.ide.mcu.externaltools.gnu-tools-for-stm32.11.3.rel1.win32_1.1.1.202309131626/tools/bin/../lib/gcc/arm-none-eabi/11.3.1/../../../../arm-none-eabi/lib/thumb/v6-m/nofp\libm.a(libm_a-s_fabs.o)
                0x0000000008008cec                fabs
 .text.scalbn   0x0000000008008cf4       0xd4 D:/DH/STM32/STM32CubeIDE_1.13.2/STM32CubeIDE/plugins/com.st.stm32cube.ide.mcu.externaltools.gnu-tools-for-stm32.11.3.rel1.win32_1.1.1.202309131626/tools/bin/../lib/gcc/arm-none-eabi/11.3.1/../../../../arm-none-eabi/lib/thumb/v6-m/nofp\libm.a(libm_a-s_scalbn.o)
                0x0000000008008cf4                scalbn
 .text.with_errno
                0x0000000008008dc8       0x14 D:/DH/STM32/STM32CubeIDE_1.13.2/STM32CubeIDE/plugins/com.st.stm32cube.ide.mcu.externaltools.gnu-tools-for-stm32.11.3.rel1.win32_1.1.1.202309131626/tools/bin/../lib/gcc/arm-none-eabi/11.3.1/../../../../arm-none-eabi/lib/thumb/v6-m/nofp\libm.a(libm_a-math_err.o)
 .text.xflow    0x0000000008008ddc       0x32 D:/DH/STM32/STM32CubeIDE_1.13.2/STM32CubeIDE/plugins/com.st.stm32cube.ide.mcu.externaltools.gnu-tools-for-stm32.11.3.rel1.win32_1.1.1.202309131626/tools/bin/../lib/gcc/arm-none-eabi/11.3.1/../../../../arm-none-eabi/lib/thumb/v6-m/nofp\libm.a(libm_a-math_err.o)
 .text.__math_uflow
                0x0000000008008e0e        0xe D:/DH/STM32/STM32CubeIDE_1.13.2/STM32CubeIDE/plugins/com.st.stm32cube.ide.mcu.externaltools.gnu-tools-for-stm32.11.3.rel1.win32_1.1.1.202309131626/tools/bin/../lib/gcc/arm-none-eabi/11.3.1/../../../../arm-none-eabi/lib/thumb/v6-m/nofp\libm.a(libm_a-math_err.o)
                0x0000000008008e0e                __math_uflow
 .text.__math_oflow
                0x0000000008008e1c        0xe D:/DH/STM32/STM32CubeIDE_1.13.2/STM32CubeIDE/plugins/com.st.stm32cube.ide.mcu.externaltools.gnu-tools-for-stm32.11.3.rel1.win32_1.1.1.202309131626/tools/bin/../lib/gcc/arm-none-eabi/11.3.1/../../../../arm-none-eabi/lib/thumb/v6-m/nofp\libm.a(libm_a-math_err.o)
                0x0000000008008e1c                __math_oflow
 *fill*         0x0000000008008e2a        0x2 
 .text.__ieee754_sqrt
                0x0000000008008e2c      0x1d8 D:/DH/STM32/STM32CubeIDE_1.13.2/STM32CubeIDE/plugins/com.st.stm32cube.ide.mcu.externaltools.gnu-tools-for-stm32.11.3.rel1.win32_1.1.1.202309131626/tools/bin/../lib/gcc/arm-none-eabi/11.3.1/../../../../arm-none-eabi/lib/thumb/v6-m/nofp\libm.a(libm_a-e_sqrt.o)
                0x0000000008008e2c                __ieee754_sqrt
 *(.glue_7)
 .glue_7        0x0000000008009004        0x0 linker stubs
 *(.glue_7t)
 .glue_7t       0x0000000008009004        0x0 linker stubs
 *(.eh_frame)
 .eh_frame      0x0000000008009004        0x0 D:/DH/STM32/STM32CubeIDE_1.13.2/STM32CubeIDE/plugins/com.st.stm32cube.ide.mcu.externaltools.gnu-tools-for-stm32.11.3.rel1.win32_1.1.1.202309131626/tools/bin/../lib/gcc/arm-none-eabi/11.3.1/thumb/v6-m/nofp/crtbegin.o
 *(.init)
 .init          0x0000000008009004        0x4 D:/DH/STM32/STM32CubeIDE_1.13.2/STM32CubeIDE/plugins/com.st.stm32cube.ide.mcu.externaltools.gnu-tools-for-stm32.11.3.rel1.win32_1.1.1.202309131626/tools/bin/../lib/gcc/arm-none-eabi/11.3.1/thumb/v6-m/nofp/crti.o
                0x0000000008009004                _init
 .init          0x0000000008009008        0x8 D:/DH/STM32/STM32CubeIDE_1.13.2/STM32CubeIDE/plugins/com.st.stm32cube.ide.mcu.externaltools.gnu-tools-for-stm32.11.3.rel1.win32_1.1.1.202309131626/tools/bin/../lib/gcc/arm-none-eabi/11.3.1/thumb/v6-m/nofp/crtn.o
 *(.fini)
 .fini          0x0000000008009010        0x4 D:/DH/STM32/STM32CubeIDE_1.13.2/STM32CubeIDE/plugins/com.st.stm32cube.ide.mcu.externaltools.gnu-tools-for-stm32.11.3.rel1.win32_1.1.1.202309131626/tools/bin/../lib/gcc/arm-none-eabi/11.3.1/thumb/v6-m/nofp/crti.o
                0x0000000008009010                _fini
 .fini          0x0000000008009014        0x8 D:/DH/STM32/STM32CubeIDE_1.13.2/STM32CubeIDE/plugins/com.st.stm32cube.ide.mcu.externaltools.gnu-tools-for-stm32.11.3.rel1.win32_1.1.1.202309131626/tools/bin/../lib/gcc/arm-none-eabi/11.3.1/thumb/v6-m/nofp/crtn.o
                0x000000000800901c                . = ALIGN (0x4)
                0x000000000800901c                _etext = .

.vfp11_veneer   0x000000000800901c        0x0
 .vfp11_veneer  0x000000000800901c        0x0 linker stubs

.v4_bx          0x000000000800901c        0x0
 .v4_bx         0x000000000800901c        0x0 linker stubs

.iplt           0x000000000800901c        0x0
 .iplt          0x000000000800901c        0x0 D:/DH/STM32/STM32CubeIDE_1.13.2/STM32CubeIDE/plugins/com.st.stm32cube.ide.mcu.externaltools.gnu-tools-for-stm32.11.3.rel1.win32_1.1.1.202309131626/tools/bin/../lib/gcc/arm-none-eabi/11.3.1/thumb/v6-m/nofp/crtbegin.o

.rodata         0x0000000008009020     0x17c0
                0x0000000008009020                . = ALIGN (0x4)
 *(.rodata)
 .rodata        0x0000000008009020        0x1 ./SDK_ROBI_STM32F0_1.0.0/shared/Middle/button/button.o
 *fill*         0x0000000008009021        0x3 
 .rodata        0x0000000008009024        0xf ./SDK_ROBI_STM32F0_1.0.0/shared/Middle/motor/encoder.o
 *fill*         0x0000000008009033        0x1 
 .rodata        0x0000000008009034       0x4b ./Src/main.o
 *fill*         0x000000000800907f        0x1 
 .rodata        0x0000000008009080       0x40 D:/DH/STM32/STM32CubeIDE_1.13.2/STM32CubeIDE/plugins/com.st.stm32cube.ide.mcu.externaltools.gnu-tools-for-stm32.11.3.rel1.win32_1.1.1.202309131626/tools/bin/../lib/gcc/arm-none-eabi/11.3.1/thumb/v6-m/nofp\libgcc.a(divdf3.o)
 *(.rodata*)
 .rodata.asc2_1206
                0x00000000080090c0      0x474 ./SDK_ROBI_STM32F0_1.0.0/shared/Middle/lcd/GUI.o
                0x00000000080090c0                asc2_1206
 .rodata.asc2_1608
                0x0000000008009534      0x5f0 ./SDK_ROBI_STM32F0_1.0.0/shared/Middle/lcd/GUI.o
                0x0000000008009534                asc2_1608
 .rodata.tfont16
                0x0000000008009b24      0x83c ./SDK_ROBI_STM32F0_1.0.0/shared/Middle/lcd/GUI.o
                0x0000000008009b24                tfont16
 .rodata.tfont24
                0x000000000800a360      0x206 ./SDK_ROBI_STM32F0_1.0.0/shared/Middle/lcd/GUI.o
                0x000000000800a360                tfont24
 *fill*         0x000000000800a566        0x2 
 .rodata.tfont32
                0x000000000800a568      0x208 ./SDK_ROBI_STM32F0_1.0.0/shared/Middle/lcd/GUI.o
                0x000000000800a568                tfont32
 .rodata.LedControl_SetColorGeneral
                0x000000000800a770       0x14 ./SDK_ROBI_STM32F0_1.0.0/shared/Middle/led/led.o
 .rodata.DeviceStateMachine
                0x000000000800a784       0x2c ./Src/main.o
 .rodata.bp     0x000000000800a7b0       0x10 D:/DH/STM32/STM32CubeIDE_1.13.2/STM32CubeIDE/plugins/com.st.stm32cube.ide.mcu.externaltools.gnu-tools-for-stm32.11.3.rel1.win32_1.1.1.202309131626/tools/bin/../lib/gcc/arm-none-eabi/11.3.1/../../../../arm-none-eabi/lib/thumb/v6-m/nofp\libm.a(libm_a-e_pow.o)
 .rodata.dp_h   0x000000000800a7c0       0x10 D:/DH/STM32/STM32CubeIDE_1.13.2/STM32CubeIDE/plugins/com.st.stm32cube.ide.mcu.externaltools.gnu-tools-for-stm32.11.3.rel1.win32_1.1.1.202309131626/tools/bin/../lib/gcc/arm-none-eabi/11.3.1/../../../../arm-none-eabi/lib/thumb/v6-m/nofp\libm.a(libm_a-e_pow.o)
 .rodata.dp_l   0x000000000800a7d0       0x10 D:/DH/STM32/STM32CubeIDE_1.13.2/STM32CubeIDE/plugins/com.st.stm32cube.ide.mcu.externaltools.gnu-tools-for-stm32.11.3.rel1.win32_1.1.1.202309131626/tools/bin/../lib/gcc/arm-none-eabi/11.3.1/../../../../arm-none-eabi/lib/thumb/v6-m/nofp\libm.a(libm_a-e_pow.o)
                0x000000000800a7e0                . = ALIGN (0x4)

.rel.dyn        0x000000000800a7e0        0x0
 .rel.iplt      0x000000000800a7e0        0x0 D:/DH/STM32/STM32CubeIDE_1.13.2/STM32CubeIDE/plugins/com.st.stm32cube.ide.mcu.externaltools.gnu-tools-for-stm32.11.3.rel1.win32_1.1.1.202309131626/tools/bin/../lib/gcc/arm-none-eabi/11.3.1/thumb/v6-m/nofp/crtbegin.o

.ARM.extab      0x000000000800a7e0        0x0
                0x000000000800a7e0                . = ALIGN (0x4)
 *(.ARM.extab* .gnu.linkonce.armextab.*)
                0x000000000800a7e0                . = ALIGN (0x4)

.ARM            0x000000000800a7e0        0x0
                0x000000000800a7e0                . = ALIGN (0x4)
                0x000000000800a7e0                __exidx_start = .
 *(.ARM.exidx*)
                0x000000000800a7e0                __exidx_end = .
                0x000000000800a7e0                . = ALIGN (0x4)

.preinit_array  0x000000000800a7e0        0x0
                0x000000000800a7e0                . = ALIGN (0x4)
                0x000000000800a7e0                PROVIDE (__preinit_array_start = .)
 *(.preinit_array*)
                0x000000000800a7e0                PROVIDE (__preinit_array_end = .)
                0x000000000800a7e0                . = ALIGN (0x4)

.init_array     0x000000000800a7e0        0x4
                0x000000000800a7e0                . = ALIGN (0x4)
                0x000000000800a7e0                PROVIDE (__init_array_start = .)
 *(SORT_BY_NAME(.init_array.*))
 *(.init_array*)
 .init_array    0x000000000800a7e0        0x4 D:/DH/STM32/STM32CubeIDE_1.13.2/STM32CubeIDE/plugins/com.st.stm32cube.ide.mcu.externaltools.gnu-tools-for-stm32.11.3.rel1.win32_1.1.1.202309131626/tools/bin/../lib/gcc/arm-none-eabi/11.3.1/thumb/v6-m/nofp/crtbegin.o
                0x000000000800a7e4                PROVIDE (__init_array_end = .)
                0x000000000800a7e4                . = ALIGN (0x4)

.fini_array     0x000000000800a7e4        0x4
                0x000000000800a7e4                . = ALIGN (0x4)
                [!provide]                        PROVIDE (__fini_array_start = .)
 *(SORT_BY_NAME(.fini_array.*))
 *(.fini_array*)
 .fini_array    0x000000000800a7e4        0x4 D:/DH/STM32/STM32CubeIDE_1.13.2/STM32CubeIDE/plugins/com.st.stm32cube.ide.mcu.externaltools.gnu-tools-for-stm32.11.3.rel1.win32_1.1.1.202309131626/tools/bin/../lib/gcc/arm-none-eabi/11.3.1/thumb/v6-m/nofp/crtbegin.o
                [!provide]                        PROVIDE (__fini_array_end = .)
                0x000000000800a7e8                . = ALIGN (0x4)
                0x000000000800a7e8                _sidata = LOADADDR (.data)

.data           0x0000000020000000       0xb8 load address 0x000000000800a7e8
                0x0000000020000000                . = ALIGN (0x4)
                0x0000000020000000                _sdata = .
 *(.data)
 *(.data*)
 .data.SystemCoreClock
                0x0000000020000000        0x4 ./SDK_ROBI_STM32F0_1.0.0/shared/Drivers/CMSIS/Source/system_stm32f0xx.o
                0x0000000020000000                SystemCoreClock
 .data.AHBPrescTable
                0x0000000020000004       0x10 ./SDK_ROBI_STM32F0_1.0.0/shared/Drivers/CMSIS/Source/system_stm32f0xx.o
                0x0000000020000004                AHBPrescTable
 .data.APBAHBPrescTable
                0x0000000020000014       0x10 ./SDK_ROBI_STM32F0_1.0.0/shared/Drivers/STM32F0xx_StdPeriph_Driver/src/stm32f0xx_rcc.o
 .data.pinBtnPad
                0x0000000020000024       0x18 ./SDK_ROBI_STM32F0_1.0.0/shared/Middle/button/button.o
 .data.State    0x000000002000003c       0x10 ./SDK_ROBI_STM32F0_1.0.0/shared/Middle/motor/encoder.o
                0x000000002000003c                State
 .data.idTimerScanSpeed
                0x000000002000004c        0x1 ./SDK_ROBI_STM32F0_1.0.0/shared/Middle/motor/encoder.o
 *fill*         0x000000002000004d        0x3 
 .data.lfspeed  0x0000000020000050        0x4 ./SDK_ROBI_STM32F0_1.0.0/shared/Middle/motor/pid.o
                0x0000000020000050                lfspeed
 .data.idTimerLedRed
                0x0000000020000054        0x1 ./Src/main.o
 .data.idTimerLedGreen
                0x0000000020000055        0x1 ./Src/main.o
 .data.idTimerLedBlue
                0x0000000020000056        0x1 ./Src/main.o
 *fill*         0x0000000020000057        0x1 
 .data._impure_data
                0x0000000020000058       0x4c D:/DH/STM32/STM32CubeIDE_1.13.2/STM32CubeIDE/plugins/com.st.stm32cube.ide.mcu.externaltools.gnu-tools-for-stm32.11.3.rel1.win32_1.1.1.202309131626/tools/bin/../lib/gcc/arm-none-eabi/11.3.1/../../../../arm-none-eabi/lib/thumb/v6-m/nofp\libc_nano.a(libc_a-impure.o)
                0x0000000020000058                _impure_data
 .data._impure_ptr
                0x00000000200000a4        0x4 D:/DH/STM32/STM32CubeIDE_1.13.2/STM32CubeIDE/plugins/com.st.stm32cube.ide.mcu.externaltools.gnu-tools-for-stm32.11.3.rel1.win32_1.1.1.202309131626/tools/bin/../lib/gcc/arm-none-eabi/11.3.1/../../../../arm-none-eabi/lib/thumb/v6-m/nofp\libc_nano.a(libc_a-impure.o)
                0x00000000200000a4                _impure_ptr
 .data.one      0x00000000200000a8        0x8 D:/DH/STM32/STM32CubeIDE_1.13.2/STM32CubeIDE/plugins/com.st.stm32cube.ide.mcu.externaltools.gnu-tools-for-stm32.11.3.rel1.win32_1.1.1.202309131626/tools/bin/../lib/gcc/arm-none-eabi/11.3.1/../../../../arm-none-eabi/lib/thumb/v6-m/nofp\libm.a(libm_a-e_sqrt.o)
 .data.tiny     0x00000000200000b0        0x8 D:/DH/STM32/STM32CubeIDE_1.13.2/STM32CubeIDE/plugins/com.st.stm32cube.ide.mcu.externaltools.gnu-tools-for-stm32.11.3.rel1.win32_1.1.1.202309131626/tools/bin/../lib/gcc/arm-none-eabi/11.3.1/../../../../arm-none-eabi/lib/thumb/v6-m/nofp\libm.a(libm_a-e_sqrt.o)
 *(.RamFunc)
 *(.RamFunc*)
                0x00000000200000b8                . = ALIGN (0x4)
                0x00000000200000b8                _edata = .

.igot.plt       0x00000000200000b8        0x0 load address 0x000000000800a8a0
 .igot.plt      0x00000000200000b8        0x0 D:/DH/STM32/STM32CubeIDE_1.13.2/STM32CubeIDE/plugins/com.st.stm32cube.ide.mcu.externaltools.gnu-tools-for-stm32.11.3.rel1.win32_1.1.1.202309131626/tools/bin/../lib/gcc/arm-none-eabi/11.3.1/thumb/v6-m/nofp/crtbegin.o
                0x00000000200000b8                . = ALIGN (0x4)

.bss            0x00000000200000b8      0x5ec load address 0x000000000800a8a0
                0x00000000200000b8                _sbss = .
                0x00000000200000b8                __bss_start__ = _sbss
 *(.bss)
 .bss           0x00000000200000b8       0x1c D:/DH/STM32/STM32CubeIDE_1.13.2/STM32CubeIDE/plugins/com.st.stm32cube.ide.mcu.externaltools.gnu-tools-for-stm32.11.3.rel1.win32_1.1.1.202309131626/tools/bin/../lib/gcc/arm-none-eabi/11.3.1/thumb/v6-m/nofp/crtbegin.o
 *(.bss*)
 .bss.kpad      0x00000000200000d4       0x3c ./SDK_ROBI_STM32F0_1.0.0/shared/Middle/button/button.o
 .bss.pEventCallbacks
                0x0000000020000110       0x10 ./SDK_ROBI_STM32F0_1.0.0/shared/Middle/button/button.o
 .bss.bBuzzInit
                0x0000000020000120        0x1 ./SDK_ROBI_STM32F0_1.0.0/shared/Middle/buzzer/buzzer.o
 *fill*         0x0000000020000121        0x3 
 .bss.lcddev    0x0000000020000124        0xe ./SDK_ROBI_STM32F0_1.0.0/shared/Middle/lcd/lcd.o
                0x0000000020000124                lcddev
 .bss.POINT_COLOR
                0x0000000020000132        0x2 ./SDK_ROBI_STM32F0_1.0.0/shared/Middle/lcd/lcd.o
                0x0000000020000132                POINT_COLOR
 .bss.g_brightnessLed
                0x0000000020000134        0x1 ./SDK_ROBI_STM32F0_1.0.0/shared/Middle/led/led.o
 .bss.EncoderL_Val
                0x0000000020000135        0x1 ./SDK_ROBI_STM32F0_1.0.0/shared/Middle/motor/encoder.o
                0x0000000020000135                EncoderL_Val
 .bss.EncoderR_Val
                0x0000000020000136        0x1 ./SDK_ROBI_STM32F0_1.0.0/shared/Middle/motor/encoder.o
                0x0000000020000136                EncoderR_Val
 *fill*         0x0000000020000137        0x1 
 .bss.encoderL_temp
                0x0000000020000138        0x4 ./SDK_ROBI_STM32F0_1.0.0/shared/Middle/motor/encoder.o
                0x0000000020000138                encoderL_temp
 .bss.encoderR_temp
                0x000000002000013c        0x4 ./SDK_ROBI_STM32F0_1.0.0/shared/Middle/motor/encoder.o
                0x000000002000013c                encoderR_temp
 .bss.SpeedL_1ms
                0x0000000020000140        0x4 ./SDK_ROBI_STM32F0_1.0.0/shared/Middle/motor/encoder.o
                0x0000000020000140                SpeedL_1ms
 .bss.SpeedR_1ms
                0x0000000020000144        0x4 ./SDK_ROBI_STM32F0_1.0.0/shared/Middle/motor/encoder.o
                0x0000000020000144                SpeedR_1ms
 .bss.count     0x0000000020000148        0x2 ./SDK_ROBI_STM32F0_1.0.0/shared/Middle/motor/encoder.o
 .bss.stateEncoder
                0x000000002000014a        0x1 ./SDK_ROBI_STM32F0_1.0.0/shared/Middle/motor/encoder.o
                0x000000002000014a                stateEncoder
 *fill*         0x000000002000014b        0x1 
 .bss.AdcValuesThreshold
                0x000000002000014c        0xa ./SDK_ROBI_STM32F0_1.0.0/shared/Middle/motor/pid.o
                0x000000002000014c                AdcValuesThreshold
 *fill*         0x0000000020000156        0x2 
 .bss.P         0x0000000020000158        0x4 ./SDK_ROBI_STM32F0_1.0.0/shared/Middle/motor/pid.o
                0x0000000020000158                P
 .bss.I         0x000000002000015c        0x4 ./SDK_ROBI_STM32F0_1.0.0/shared/Middle/motor/pid.o
                0x000000002000015c                I
 .bss.D         0x0000000020000160        0x4 ./SDK_ROBI_STM32F0_1.0.0/shared/Middle/motor/pid.o
                0x0000000020000160                D
 .bss.previousError
                0x0000000020000164        0x4 ./SDK_ROBI_STM32F0_1.0.0/shared/Middle/motor/pid.o
                0x0000000020000164                previousError
 .bss.PIDvalue  0x0000000020000168        0x4 ./SDK_ROBI_STM32F0_1.0.0/shared/Middle/motor/pid.o
                0x0000000020000168                PIDvalue
 .bss.Kp        0x000000002000016c        0x4 ./SDK_ROBI_STM32F0_1.0.0/shared/Middle/motor/pid.o
                0x000000002000016c                Kp
 .bss.Ki        0x0000000020000170        0x4 ./SDK_ROBI_STM32F0_1.0.0/shared/Middle/motor/pid.o
                0x0000000020000170                Ki
 .bss.Kd        0x0000000020000174        0x4 ./SDK_ROBI_STM32F0_1.0.0/shared/Middle/motor/pid.o
                0x0000000020000174                Kd
 .bss.lsp       0x0000000020000178        0x4 ./SDK_ROBI_STM32F0_1.0.0/shared/Middle/motor/pid.o
                0x0000000020000178                lsp
 .bss.rsp       0x000000002000017c        0x4 ./SDK_ROBI_STM32F0_1.0.0/shared/Middle/motor/pid.o
                0x000000002000017c                rsp
 .bss.count     0x0000000020000180        0x4 ./SDK_ROBI_STM32F0_1.0.0/shared/Middle/motor/pid.o
                0x0000000020000180                count
 .bss.pAppStateFunc
                0x0000000020000184        0x4 ./SDK_ROBI_STM32F0_1.0.0/shared/Middle/rtos/eventman.o
 .bss.pBuffEvent
                0x0000000020000188      0x100 ./SDK_ROBI_STM32F0_1.0.0/shared/Middle/rtos/eventman.o
 .bss.eventQueue
                0x0000000020000288       0x10 ./SDK_ROBI_STM32F0_1.0.0/shared/Middle/rtos/eventman.o
 .bss.g_pTimerHandle
                0x0000000020000298      0x180 ./SDK_ROBI_STM32F0_1.0.0/shared/Middle/rtos/timer.o
 .bss.g_wMilSecTickTimer
                0x0000000020000418        0x4 ./SDK_ROBI_STM32F0_1.0.0/shared/Middle/rtos/timer.o
 .bss.RegularConvData_Tab
                0x000000002000041c        0xa ./SDK_ROBI_STM32F0_1.0.0/shared/Middle/sensor/optical_sensor.o
 *fill*         0x0000000020000426        0x2 
 .bss.AdcValues_White
                0x0000000020000428        0xa ./SDK_ROBI_STM32F0_1.0.0/shared/Middle/sensor/optical_sensor.o
                0x0000000020000428                AdcValues_White
 *fill*         0x0000000020000432        0x2 
 .bss.AdcValues_Black
                0x0000000020000434        0xa ./SDK_ROBI_STM32F0_1.0.0/shared/Middle/sensor/optical_sensor.o
                0x0000000020000434                AdcValues_Black
 .bss.byRxBufState
                0x000000002000043e        0x1 ./SDK_ROBI_STM32F0_1.0.0/shared/Middle/serial/serial.o
 *fill*         0x000000002000043f        0x1 
 .bss.serialQueueRx
                0x0000000020000440       0x10 ./SDK_ROBI_STM32F0_1.0.0/shared/Middle/serial/serial.o
 .bss.pBuffDataRx
                0x0000000020000450      0x100 ./SDK_ROBI_STM32F0_1.0.0/shared/Middle/serial/serial.o
 .bss.g_pUartQueueRx
                0x0000000020000550        0x8 ./SDK_ROBI_STM32F0_1.0.0/shared/Middle/serial/serial.o
 .bss.eCurrentState
                0x0000000020000558        0x1 ./Src/main.o
 *fill*         0x0000000020000559        0x3 
 .bss.encoderL_speed
                0x000000002000055c        0x4 ./Src/main.o
                0x000000002000055c                encoderL_speed
 .bss.encoderR_speed
                0x0000000020000560        0x4 ./Src/main.o
                0x0000000020000560                encoderR_speed
 .bss.statePID  0x0000000020000564        0x1 ./Src/main.o
                0x0000000020000564                statePID
 *fill*         0x0000000020000565        0x3 
 .bss.TimeStart
                0x0000000020000568        0x4 ./Src/main.o
                0x0000000020000568                TimeStart
 .bss.__sf      0x000000002000056c      0x138 D:/DH/STM32/STM32CubeIDE_1.13.2/STM32CubeIDE/plugins/com.st.stm32cube.ide.mcu.externaltools.gnu-tools-for-stm32.11.3.rel1.win32_1.1.1.202309131626/tools/bin/../lib/gcc/arm-none-eabi/11.3.1/../../../../arm-none-eabi/lib/thumb/v6-m/nofp\libc_nano.a(libc_a-findfp.o)
                0x000000002000056c                __sf
 *(COMMON)
                0x00000000200006a4                . = ALIGN (0x4)
                0x00000000200006a4                _ebss = .
                0x00000000200006a4                __bss_end__ = _ebss

._user_heap_stack
                0x00000000200006a4      0x604 load address 0x000000000800a8a0
                0x00000000200006a8                . = ALIGN (0x8)
 *fill*         0x00000000200006a4        0x4 
                [!provide]                        PROVIDE (end = .)
                0x00000000200006a8                PROVIDE (_end = .)
                0x00000000200008a8                . = (. + _Min_Heap_Size)
 *fill*         0x00000000200006a8      0x200 
                0x0000000020000ca8                . = (. + _Min_Stack_Size)
 *fill*         0x00000000200008a8      0x400 
                0x0000000020000ca8                . = ALIGN (0x8)

/DISCARD/
 libc.a(*)
 libm.a(*)
 libgcc.a(*)

.ARM.attributes
                0x0000000000000000       0x28
 *(.ARM.attributes)
 .ARM.attributes
                0x0000000000000000       0x1e D:/DH/STM32/STM32CubeIDE_1.13.2/STM32CubeIDE/plugins/com.st.stm32cube.ide.mcu.externaltools.gnu-tools-for-stm32.11.3.rel1.win32_1.1.1.202309131626/tools/bin/../lib/gcc/arm-none-eabi/11.3.1/thumb/v6-m/nofp/crti.o
 .ARM.attributes
                0x000000000000001e       0x2c D:/DH/STM32/STM32CubeIDE_1.13.2/STM32CubeIDE/plugins/com.st.stm32cube.ide.mcu.externaltools.gnu-tools-for-stm32.11.3.rel1.win32_1.1.1.202309131626/tools/bin/../lib/gcc/arm-none-eabi/11.3.1/thumb/v6-m/nofp/crtbegin.o
 .ARM.attributes
                0x000000000000004a       0x2c ./SDK_ROBI_STM32F0_1.0.0/shared/Drivers/CMSIS/Source/system_stm32f0xx.o
 .ARM.attributes
                0x0000000000000076       0x2c ./SDK_ROBI_STM32F0_1.0.0/shared/Drivers/STM32F0xx_StdPeriph_Driver/src/stm32f0xx_adc.o
 .ARM.attributes
                0x00000000000000a2       0x2c ./SDK_ROBI_STM32F0_1.0.0/shared/Drivers/STM32F0xx_StdPeriph_Driver/src/stm32f0xx_dma.o
 .ARM.attributes
                0x00000000000000ce       0x2c ./SDK_ROBI_STM32F0_1.0.0/shared/Drivers/STM32F0xx_StdPeriph_Driver/src/stm32f0xx_exti.o
 .ARM.attributes
                0x00000000000000fa       0x2c ./SDK_ROBI_STM32F0_1.0.0/shared/Drivers/STM32F0xx_StdPeriph_Driver/src/stm32f0xx_gpio.o
 .ARM.attributes
                0x0000000000000126       0x2c ./SDK_ROBI_STM32F0_1.0.0/shared/Drivers/STM32F0xx_StdPeriph_Driver/src/stm32f0xx_misc.o
 .ARM.attributes
                0x0000000000000152       0x2c ./SDK_ROBI_STM32F0_1.0.0/shared/Drivers/STM32F0xx_StdPeriph_Driver/src/stm32f0xx_rcc.o
 .ARM.attributes
                0x000000000000017e       0x2c ./SDK_ROBI_STM32F0_1.0.0/shared/Drivers/STM32F0xx_StdPeriph_Driver/src/stm32f0xx_spi.o
 .ARM.attributes
                0x00000000000001aa       0x2c ./SDK_ROBI_STM32F0_1.0.0/shared/Drivers/STM32F0xx_StdPeriph_Driver/src/stm32f0xx_syscfg.o
 .ARM.attributes
                0x00000000000001d6       0x2c ./SDK_ROBI_STM32F0_1.0.0/shared/Drivers/STM32F0xx_StdPeriph_Driver/src/stm32f0xx_tim.o
 .ARM.attributes
                0x0000000000000202       0x2c ./SDK_ROBI_STM32F0_1.0.0/shared/Drivers/STM32F0xx_StdPeriph_Driver/src/stm32f0xx_usart.o
 .ARM.attributes
                0x000000000000022e       0x2c ./SDK_ROBI_STM32F0_1.0.0/shared/Middle/button/button.o
 .ARM.attributes
                0x000000000000025a       0x2c ./SDK_ROBI_STM32F0_1.0.0/shared/Middle/button/eventbutton.o
 .ARM.attributes
                0x0000000000000286       0x2c ./SDK_ROBI_STM32F0_1.0.0/shared/Middle/buzzer/buzzer.o
 .ARM.attributes
                0x00000000000002b2       0x2c ./SDK_ROBI_STM32F0_1.0.0/shared/Middle/lcd/GUI.o
 .ARM.attributes
                0x00000000000002de       0x2c ./SDK_ROBI_STM32F0_1.0.0/shared/Middle/lcd/lcd.o
 .ARM.attributes
                0x000000000000030a       0x2c ./SDK_ROBI_STM32F0_1.0.0/shared/Middle/led/led.o
 .ARM.attributes
                0x0000000000000336       0x2c ./SDK_ROBI_STM32F0_1.0.0/shared/Middle/motor/encoder.o
 .ARM.attributes
                0x0000000000000362       0x2c ./SDK_ROBI_STM32F0_1.0.0/shared/Middle/motor/motor.o
 .ARM.attributes
                0x000000000000038e       0x2c ./SDK_ROBI_STM32F0_1.0.0/shared/Middle/motor/pid.o
 .ARM.attributes
                0x00000000000003ba       0x2c ./SDK_ROBI_STM32F0_1.0.0/shared/Middle/rtos/eventman.o
 .ARM.attributes
                0x00000000000003e6       0x2c ./SDK_ROBI_STM32F0_1.0.0/shared/Middle/rtos/timer.o
 .ARM.attributes
                0x0000000000000412       0x2c ./SDK_ROBI_STM32F0_1.0.0/shared/Middle/sensor/optical_sensor.o
 .ARM.attributes
                0x000000000000043e       0x2c ./SDK_ROBI_STM32F0_1.0.0/shared/Middle/serial/serial.o
 .ARM.attributes
                0x000000000000046a       0x2c ./SDK_ROBI_STM32F0_1.0.0/shared/Utilities/buff.o
 .ARM.attributes
                0x0000000000000496       0x2c ./SDK_ROBI_STM32F0_1.0.0/shared/Utilities/utilities.o
 .ARM.attributes
                0x00000000000004c2       0x2c ./Src/main.o
 .ARM.attributes
                0x00000000000004ee       0x21 ./Startup/startup_stm32f030c8tx.o
 .ARM.attributes
                0x000000000000050f       0x2c D:/DH/STM32/STM32CubeIDE_1.13.2/STM32CubeIDE/plugins/com.st.stm32cube.ide.mcu.externaltools.gnu-tools-for-stm32.11.3.rel1.win32_1.1.1.202309131626/tools/bin/../lib/gcc/arm-none-eabi/11.3.1/../../../../arm-none-eabi/lib/thumb/v6-m/nofp\libc_nano.a(libc_a-findfp.o)
 .ARM.attributes
                0x000000000000053b       0x2c D:/DH/STM32/STM32CubeIDE_1.13.2/STM32CubeIDE/plugins/com.st.stm32cube.ide.mcu.externaltools.gnu-tools-for-stm32.11.3.rel1.win32_1.1.1.202309131626/tools/bin/../lib/gcc/arm-none-eabi/11.3.1/../../../../arm-none-eabi/lib/thumb/v6-m/nofp\libc_nano.a(libc_a-memset.o)
 .ARM.attributes
                0x0000000000000567       0x2c D:/DH/STM32/STM32CubeIDE_1.13.2/STM32CubeIDE/plugins/com.st.stm32cube.ide.mcu.externaltools.gnu-tools-for-stm32.11.3.rel1.win32_1.1.1.202309131626/tools/bin/../lib/gcc/arm-none-eabi/11.3.1/../../../../arm-none-eabi/lib/thumb/v6-m/nofp\libc_nano.a(libc_a-impure.o)
 .ARM.attributes
                0x0000000000000593       0x2c D:/DH/STM32/STM32CubeIDE_1.13.2/STM32CubeIDE/plugins/com.st.stm32cube.ide.mcu.externaltools.gnu-tools-for-stm32.11.3.rel1.win32_1.1.1.202309131626/tools/bin/../lib/gcc/arm-none-eabi/11.3.1/../../../../arm-none-eabi/lib/thumb/v6-m/nofp\libc_nano.a(libc_a-errno.o)
 .ARM.attributes
                0x00000000000005bf       0x2c D:/DH/STM32/STM32CubeIDE_1.13.2/STM32CubeIDE/plugins/com.st.stm32cube.ide.mcu.externaltools.gnu-tools-for-stm32.11.3.rel1.win32_1.1.1.202309131626/tools/bin/../lib/gcc/arm-none-eabi/11.3.1/../../../../arm-none-eabi/lib/thumb/v6-m/nofp\libc_nano.a(libc_a-init.o)
 .ARM.attributes
                0x00000000000005eb       0x1c D:/DH/STM32/STM32CubeIDE_1.13.2/STM32CubeIDE/plugins/com.st.stm32cube.ide.mcu.externaltools.gnu-tools-for-stm32.11.3.rel1.win32_1.1.1.202309131626/tools/bin/../lib/gcc/arm-none-eabi/11.3.1/../../../../arm-none-eabi/lib/thumb/v6-m/nofp\libc_nano.a(libc_a-strlen.o)
 .ARM.attributes
                0x0000000000000607       0x2c D:/DH/STM32/STM32CubeIDE_1.13.2/STM32CubeIDE/plugins/com.st.stm32cube.ide.mcu.externaltools.gnu-tools-for-stm32.11.3.rel1.win32_1.1.1.202309131626/tools/bin/../lib/gcc/arm-none-eabi/11.3.1/../../../../arm-none-eabi/lib/thumb/v6-m/nofp\libm.a(libm_a-w_pow.o)
 .ARM.attributes
                0x0000000000000633       0x2c D:/DH/STM32/STM32CubeIDE_1.13.2/STM32CubeIDE/plugins/com.st.stm32cube.ide.mcu.externaltools.gnu-tools-for-stm32.11.3.rel1.win32_1.1.1.202309131626/tools/bin/../lib/gcc/arm-none-eabi/11.3.1/../../../../arm-none-eabi/lib/thumb/v6-m/nofp\libm.a(libm_a-s_finite.o)
 .ARM.attributes
                0x000000000000065f       0x2c D:/DH/STM32/STM32CubeIDE_1.13.2/STM32CubeIDE/plugins/com.st.stm32cube.ide.mcu.externaltools.gnu-tools-for-stm32.11.3.rel1.win32_1.1.1.202309131626/tools/bin/../lib/gcc/arm-none-eabi/11.3.1/../../../../arm-none-eabi/lib/thumb/v6-m/nofp\libm.a(libm_a-e_pow.o)
 .ARM.attributes
                0x000000000000068b       0x2c D:/DH/STM32/STM32CubeIDE_1.13.2/STM32CubeIDE/plugins/com.st.stm32cube.ide.mcu.externaltools.gnu-tools-for-stm32.11.3.rel1.win32_1.1.1.202309131626/tools/bin/../lib/gcc/arm-none-eabi/11.3.1/../../../../arm-none-eabi/lib/thumb/v6-m/nofp\libm.a(libm_a-s_fabs.o)
 .ARM.attributes
                0x00000000000006b7       0x2c D:/DH/STM32/STM32CubeIDE_1.13.2/STM32CubeIDE/plugins/com.st.stm32cube.ide.mcu.externaltools.gnu-tools-for-stm32.11.3.rel1.win32_1.1.1.202309131626/tools/bin/../lib/gcc/arm-none-eabi/11.3.1/../../../../arm-none-eabi/lib/thumb/v6-m/nofp\libm.a(libm_a-s_scalbn.o)
 .ARM.attributes
                0x00000000000006e3       0x2c D:/DH/STM32/STM32CubeIDE_1.13.2/STM32CubeIDE/plugins/com.st.stm32cube.ide.mcu.externaltools.gnu-tools-for-stm32.11.3.rel1.win32_1.1.1.202309131626/tools/bin/../lib/gcc/arm-none-eabi/11.3.1/../../../../arm-none-eabi/lib/thumb/v6-m/nofp\libm.a(libm_a-math_err.o)
 .ARM.attributes
                0x000000000000070f       0x2c D:/DH/STM32/STM32CubeIDE_1.13.2/STM32CubeIDE/plugins/com.st.stm32cube.ide.mcu.externaltools.gnu-tools-for-stm32.11.3.rel1.win32_1.1.1.202309131626/tools/bin/../lib/gcc/arm-none-eabi/11.3.1/../../../../arm-none-eabi/lib/thumb/v6-m/nofp\libm.a(libm_a-e_sqrt.o)
 .ARM.attributes
                0x000000000000073b       0x1e D:/DH/STM32/STM32CubeIDE_1.13.2/STM32CubeIDE/plugins/com.st.stm32cube.ide.mcu.externaltools.gnu-tools-for-stm32.11.3.rel1.win32_1.1.1.202309131626/tools/bin/../lib/gcc/arm-none-eabi/11.3.1/thumb/v6-m/nofp\libgcc.a(_udivsi3.o)
 .ARM.attributes
                0x0000000000000759       0x1e D:/DH/STM32/STM32CubeIDE_1.13.2/STM32CubeIDE/plugins/com.st.stm32cube.ide.mcu.externaltools.gnu-tools-for-stm32.11.3.rel1.win32_1.1.1.202309131626/tools/bin/../lib/gcc/arm-none-eabi/11.3.1/thumb/v6-m/nofp\libgcc.a(_divsi3.o)
 .ARM.attributes
                0x0000000000000777       0x1e D:/DH/STM32/STM32CubeIDE_1.13.2/STM32CubeIDE/plugins/com.st.stm32cube.ide.mcu.externaltools.gnu-tools-for-stm32.11.3.rel1.win32_1.1.1.202309131626/tools/bin/../lib/gcc/arm-none-eabi/11.3.1/thumb/v6-m/nofp\libgcc.a(_dvmd_tls.o)
 .ARM.attributes
                0x0000000000000795       0x1e D:/DH/STM32/STM32CubeIDE_1.13.2/STM32CubeIDE/plugins/com.st.stm32cube.ide.mcu.externaltools.gnu-tools-for-stm32.11.3.rel1.win32_1.1.1.202309131626/tools/bin/../lib/gcc/arm-none-eabi/11.3.1/thumb/v6-m/nofp\libgcc.a(_arm_cmpdf2.o)
 .ARM.attributes
                0x00000000000007b3       0x2c D:/DH/STM32/STM32CubeIDE_1.13.2/STM32CubeIDE/plugins/com.st.stm32cube.ide.mcu.externaltools.gnu-tools-for-stm32.11.3.rel1.win32_1.1.1.202309131626/tools/bin/../lib/gcc/arm-none-eabi/11.3.1/thumb/v6-m/nofp\libgcc.a(addsf3.o)
 .ARM.attributes
                0x00000000000007df       0x2c D:/DH/STM32/STM32CubeIDE_1.13.2/STM32CubeIDE/plugins/com.st.stm32cube.ide.mcu.externaltools.gnu-tools-for-stm32.11.3.rel1.win32_1.1.1.202309131626/tools/bin/../lib/gcc/arm-none-eabi/11.3.1/thumb/v6-m/nofp\libgcc.a(mulsf3.o)
 .ARM.attributes
                0x000000000000080b       0x2c D:/DH/STM32/STM32CubeIDE_1.13.2/STM32CubeIDE/plugins/com.st.stm32cube.ide.mcu.externaltools.gnu-tools-for-stm32.11.3.rel1.win32_1.1.1.202309131626/tools/bin/../lib/gcc/arm-none-eabi/11.3.1/thumb/v6-m/nofp\libgcc.a(subsf3.o)
 .ARM.attributes
                0x0000000000000837       0x2c D:/DH/STM32/STM32CubeIDE_1.13.2/STM32CubeIDE/plugins/com.st.stm32cube.ide.mcu.externaltools.gnu-tools-for-stm32.11.3.rel1.win32_1.1.1.202309131626/tools/bin/../lib/gcc/arm-none-eabi/11.3.1/thumb/v6-m/nofp\libgcc.a(fixsfsi.o)
 .ARM.attributes
                0x0000000000000863       0x2c D:/DH/STM32/STM32CubeIDE_1.13.2/STM32CubeIDE/plugins/com.st.stm32cube.ide.mcu.externaltools.gnu-tools-for-stm32.11.3.rel1.win32_1.1.1.202309131626/tools/bin/../lib/gcc/arm-none-eabi/11.3.1/thumb/v6-m/nofp\libgcc.a(floatsisf.o)
 .ARM.attributes
                0x000000000000088f       0x2c D:/DH/STM32/STM32CubeIDE_1.13.2/STM32CubeIDE/plugins/com.st.stm32cube.ide.mcu.externaltools.gnu-tools-for-stm32.11.3.rel1.win32_1.1.1.202309131626/tools/bin/../lib/gcc/arm-none-eabi/11.3.1/thumb/v6-m/nofp\libgcc.a(adddf3.o)
 .ARM.attributes
                0x00000000000008bb       0x2c D:/DH/STM32/STM32CubeIDE_1.13.2/STM32CubeIDE/plugins/com.st.stm32cube.ide.mcu.externaltools.gnu-tools-for-stm32.11.3.rel1.win32_1.1.1.202309131626/tools/bin/../lib/gcc/arm-none-eabi/11.3.1/thumb/v6-m/nofp\libgcc.a(divdf3.o)
 .ARM.attributes
                0x00000000000008e7       0x2c D:/DH/STM32/STM32CubeIDE_1.13.2/STM32CubeIDE/plugins/com.st.stm32cube.ide.mcu.externaltools.gnu-tools-for-stm32.11.3.rel1.win32_1.1.1.202309131626/tools/bin/../lib/gcc/arm-none-eabi/11.3.1/thumb/v6-m/nofp\libgcc.a(eqdf2.o)
 .ARM.attributes
                0x0000000000000913       0x2c D:/DH/STM32/STM32CubeIDE_1.13.2/STM32CubeIDE/plugins/com.st.stm32cube.ide.mcu.externaltools.gnu-tools-for-stm32.11.3.rel1.win32_1.1.1.202309131626/tools/bin/../lib/gcc/arm-none-eabi/11.3.1/thumb/v6-m/nofp\libgcc.a(gedf2.o)
 .ARM.attributes
                0x000000000000093f       0x2c D:/DH/STM32/STM32CubeIDE_1.13.2/STM32CubeIDE/plugins/com.st.stm32cube.ide.mcu.externaltools.gnu-tools-for-stm32.11.3.rel1.win32_1.1.1.202309131626/tools/bin/../lib/gcc/arm-none-eabi/11.3.1/thumb/v6-m/nofp\libgcc.a(ledf2.o)
 .ARM.attributes
                0x000000000000096b       0x2c D:/DH/STM32/STM32CubeIDE_1.13.2/STM32CubeIDE/plugins/com.st.stm32cube.ide.mcu.externaltools.gnu-tools-for-stm32.11.3.rel1.win32_1.1.1.202309131626/tools/bin/../lib/gcc/arm-none-eabi/11.3.1/thumb/v6-m/nofp\libgcc.a(muldf3.o)
 .ARM.attributes
                0x0000000000000997       0x2c D:/DH/STM32/STM32CubeIDE_1.13.2/STM32CubeIDE/plugins/com.st.stm32cube.ide.mcu.externaltools.gnu-tools-for-stm32.11.3.rel1.win32_1.1.1.202309131626/tools/bin/../lib/gcc/arm-none-eabi/11.3.1/thumb/v6-m/nofp\libgcc.a(subdf3.o)
 .ARM.attributes
                0x00000000000009c3       0x2c D:/DH/STM32/STM32CubeIDE_1.13.2/STM32CubeIDE/plugins/com.st.stm32cube.ide.mcu.externaltools.gnu-tools-for-stm32.11.3.rel1.win32_1.1.1.202309131626/tools/bin/../lib/gcc/arm-none-eabi/11.3.1/thumb/v6-m/nofp\libgcc.a(unorddf2.o)
 .ARM.attributes
                0x00000000000009ef       0x2c D:/DH/STM32/STM32CubeIDE_1.13.2/STM32CubeIDE/plugins/com.st.stm32cube.ide.mcu.externaltools.gnu-tools-for-stm32.11.3.rel1.win32_1.1.1.202309131626/tools/bin/../lib/gcc/arm-none-eabi/11.3.1/thumb/v6-m/nofp\libgcc.a(fixdfsi.o)
 .ARM.attributes
                0x0000000000000a1b       0x2c D:/DH/STM32/STM32CubeIDE_1.13.2/STM32CubeIDE/plugins/com.st.stm32cube.ide.mcu.externaltools.gnu-tools-for-stm32.11.3.rel1.win32_1.1.1.202309131626/tools/bin/../lib/gcc/arm-none-eabi/11.3.1/thumb/v6-m/nofp\libgcc.a(floatsidf.o)
 .ARM.attributes
                0x0000000000000a47       0x2c D:/DH/STM32/STM32CubeIDE_1.13.2/STM32CubeIDE/plugins/com.st.stm32cube.ide.mcu.externaltools.gnu-tools-for-stm32.11.3.rel1.win32_1.1.1.202309131626/tools/bin/../lib/gcc/arm-none-eabi/11.3.1/thumb/v6-m/nofp\libgcc.a(truncdfsf2.o)
 .ARM.attributes
                0x0000000000000a73       0x1e D:/DH/STM32/STM32CubeIDE_1.13.2/STM32CubeIDE/plugins/com.st.stm32cube.ide.mcu.externaltools.gnu-tools-for-stm32.11.3.rel1.win32_1.1.1.202309131626/tools/bin/../lib/gcc/arm-none-eabi/11.3.1/thumb/v6-m/nofp\libgcc.a(_clzsi2.o)
 .ARM.attributes
                0x0000000000000a91       0x1e D:/DH/STM32/STM32CubeIDE_1.13.2/STM32CubeIDE/plugins/com.st.stm32cube.ide.mcu.externaltools.gnu-tools-for-stm32.11.3.rel1.win32_1.1.1.202309131626/tools/bin/../lib/gcc/arm-none-eabi/11.3.1/thumb/v6-m/nofp/crtn.o
OUTPUT(ROBI_BEVA_V1.0.elf elf32-littlearm)
LOAD linker stubs
LOAD D:/DH/STM32/STM32CubeIDE_1.13.2/STM32CubeIDE/plugins/com.st.stm32cube.ide.mcu.externaltools.gnu-tools-for-stm32.11.3.rel1.win32_1.1.1.202309131626/tools/bin/../lib/gcc/arm-none-eabi/11.3.1/../../../../arm-none-eabi/lib/thumb/v6-m/nofp\libc.a
LOAD D:/DH/STM32/STM32CubeIDE_1.13.2/STM32CubeIDE/plugins/com.st.stm32cube.ide.mcu.externaltools.gnu-tools-for-stm32.11.3.rel1.win32_1.1.1.202309131626/tools/bin/../lib/gcc/arm-none-eabi/11.3.1/../../../../arm-none-eabi/lib/thumb/v6-m/nofp\libm.a
LOAD D:/DH/STM32/STM32CubeIDE_1.13.2/STM32CubeIDE/plugins/com.st.stm32cube.ide.mcu.externaltools.gnu-tools-for-stm32.11.3.rel1.win32_1.1.1.202309131626/tools/bin/../lib/gcc/arm-none-eabi/11.3.1/thumb/v6-m/nofp\libgcc.a

.comment        0x0000000000000000       0x43
 .comment       0x0000000000000000       0x43 D:/DH/STM32/STM32CubeIDE_1.13.2/STM32CubeIDE/plugins/com.st.stm32cube.ide.mcu.externaltools.gnu-tools-for-stm32.11.3.rel1.win32_1.1.1.202309131626/tools/bin/../lib/gcc/arm-none-eabi/11.3.1/thumb/v6-m/nofp/crtbegin.o
                                         0x44 (size before relaxing)
 .comment       0x0000000000000043       0x44 ./SDK_ROBI_STM32F0_1.0.0/shared/Drivers/CMSIS/Source/system_stm32f0xx.o
 .comment       0x0000000000000043       0x44 ./SDK_ROBI_STM32F0_1.0.0/shared/Drivers/STM32F0xx_StdPeriph_Driver/src/stm32f0xx_adc.o
 .comment       0x0000000000000043       0x44 ./SDK_ROBI_STM32F0_1.0.0/shared/Drivers/STM32F0xx_StdPeriph_Driver/src/stm32f0xx_dma.o
 .comment       0x0000000000000043       0x44 ./SDK_ROBI_STM32F0_1.0.0/shared/Drivers/STM32F0xx_StdPeriph_Driver/src/stm32f0xx_exti.o
 .comment       0x0000000000000043       0x44 ./SDK_ROBI_STM32F0_1.0.0/shared/Drivers/STM32F0xx_StdPeriph_Driver/src/stm32f0xx_gpio.o
 .comment       0x0000000000000043       0x44 ./SDK_ROBI_STM32F0_1.0.0/shared/Drivers/STM32F0xx_StdPeriph_Driver/src/stm32f0xx_misc.o
 .comment       0x0000000000000043       0x44 ./SDK_ROBI_STM32F0_1.0.0/shared/Drivers/STM32F0xx_StdPeriph_Driver/src/stm32f0xx_rcc.o
 .comment       0x0000000000000043       0x44 ./SDK_ROBI_STM32F0_1.0.0/shared/Drivers/STM32F0xx_StdPeriph_Driver/src/stm32f0xx_spi.o
 .comment       0x0000000000000043       0x44 ./SDK_ROBI_STM32F0_1.0.0/shared/Drivers/STM32F0xx_StdPeriph_Driver/src/stm32f0xx_syscfg.o
 .comment       0x0000000000000043       0x44 ./SDK_ROBI_STM32F0_1.0.0/shared/Drivers/STM32F0xx_StdPeriph_Driver/src/stm32f0xx_tim.o
 .comment       0x0000000000000043       0x44 ./SDK_ROBI_STM32F0_1.0.0/shared/Drivers/STM32F0xx_StdPeriph_Driver/src/stm32f0xx_usart.o
 .comment       0x0000000000000043       0x44 ./SDK_ROBI_STM32F0_1.0.0/shared/Middle/button/button.o
 .comment       0x0000000000000043       0x44 ./SDK_ROBI_STM32F0_1.0.0/shared/Middle/button/eventbutton.o
 .comment       0x0000000000000043       0x44 ./SDK_ROBI_STM32F0_1.0.0/shared/Middle/buzzer/buzzer.o
 .comment       0x0000000000000043       0x44 ./SDK_ROBI_STM32F0_1.0.0/shared/Middle/lcd/GUI.o
 .comment       0x0000000000000043       0x44 ./SDK_ROBI_STM32F0_1.0.0/shared/Middle/lcd/lcd.o
 .comment       0x0000000000000043       0x44 ./SDK_ROBI_STM32F0_1.0.0/shared/Middle/led/led.o
 .comment       0x0000000000000043       0x44 ./SDK_ROBI_STM32F0_1.0.0/shared/Middle/motor/encoder.o
 .comment       0x0000000000000043       0x44 ./SDK_ROBI_STM32F0_1.0.0/shared/Middle/motor/motor.o
 .comment       0x0000000000000043       0x44 ./SDK_ROBI_STM32F0_1.0.0/shared/Middle/motor/pid.o
 .comment       0x0000000000000043       0x44 ./SDK_ROBI_STM32F0_1.0.0/shared/Middle/rtos/eventman.o
 .comment       0x0000000000000043       0x44 ./SDK_ROBI_STM32F0_1.0.0/shared/Middle/rtos/timer.o
 .comment       0x0000000000000043       0x44 ./SDK_ROBI_STM32F0_1.0.0/shared/Middle/sensor/optical_sensor.o
 .comment       0x0000000000000043       0x44 ./SDK_ROBI_STM32F0_1.0.0/shared/Middle/serial/serial.o
 .comment       0x0000000000000043       0x44 ./SDK_ROBI_STM32F0_1.0.0/shared/Utilities/buff.o
 .comment       0x0000000000000043       0x44 ./SDK_ROBI_STM32F0_1.0.0/shared/Utilities/utilities.o
 .comment       0x0000000000000043       0x44 ./Src/main.o

.debug_info     0x0000000000000000     0xd91c
 .debug_info    0x0000000000000000      0x2f3 ./SDK_ROBI_STM32F0_1.0.0/shared/Drivers/CMSIS/Source/system_stm32f0xx.o
 .debug_info    0x00000000000002f3      0x8cf ./SDK_ROBI_STM32F0_1.0.0/shared/Drivers/STM32F0xx_StdPeriph_Driver/src/stm32f0xx_adc.o
 .debug_info    0x0000000000000bc2      0x49b ./SDK_ROBI_STM32F0_1.0.0/shared/Drivers/STM32F0xx_StdPeriph_Driver/src/stm32f0xx_dma.o
 .debug_info    0x000000000000105d      0x31f ./SDK_ROBI_STM32F0_1.0.0/shared/Drivers/STM32F0xx_StdPeriph_Driver/src/stm32f0xx_exti.o
 .debug_info    0x000000000000137c      0x606 ./SDK_ROBI_STM32F0_1.0.0/shared/Drivers/STM32F0xx_StdPeriph_Driver/src/stm32f0xx_gpio.o
 .debug_info    0x0000000000001982      0x359 ./SDK_ROBI_STM32F0_1.0.0/shared/Drivers/STM32F0xx_StdPeriph_Driver/src/stm32f0xx_misc.o
 .debug_info    0x0000000000001cdb      0xa27 ./SDK_ROBI_STM32F0_1.0.0/shared/Drivers/STM32F0xx_StdPeriph_Driver/src/stm32f0xx_rcc.o
 .debug_info    0x0000000000002702      0xaee ./SDK_ROBI_STM32F0_1.0.0/shared/Drivers/STM32F0xx_StdPeriph_Driver/src/stm32f0xx_spi.o
 .debug_info    0x00000000000031f0      0x33f ./SDK_ROBI_STM32F0_1.0.0/shared/Drivers/STM32F0xx_StdPeriph_Driver/src/stm32f0xx_syscfg.o
 .debug_info    0x000000000000352f     0x1c29 ./SDK_ROBI_STM32F0_1.0.0/shared/Drivers/STM32F0xx_StdPeriph_Driver/src/stm32f0xx_tim.o
 .debug_info    0x0000000000005158      0xe71 ./SDK_ROBI_STM32F0_1.0.0/shared/Drivers/STM32F0xx_StdPeriph_Driver/src/stm32f0xx_usart.o
 .debug_info    0x0000000000005fc9      0x6c1 ./SDK_ROBI_STM32F0_1.0.0/shared/Middle/button/button.o
 .debug_info    0x000000000000668a      0x3f3 ./SDK_ROBI_STM32F0_1.0.0/shared/Middle/button/eventbutton.o
 .debug_info    0x0000000000006a7d      0x8d2 ./SDK_ROBI_STM32F0_1.0.0/shared/Middle/buzzer/buzzer.o
 .debug_info    0x000000000000734f     0x1582 ./SDK_ROBI_STM32F0_1.0.0/shared/Middle/lcd/GUI.o
 .debug_info    0x00000000000088d1      0x920 ./SDK_ROBI_STM32F0_1.0.0/shared/Middle/lcd/lcd.o
 .debug_info    0x00000000000091f1      0x7ac ./SDK_ROBI_STM32F0_1.0.0/shared/Middle/led/led.o
 .debug_info    0x000000000000999d      0x84a ./SDK_ROBI_STM32F0_1.0.0/shared/Middle/motor/encoder.o
 .debug_info    0x000000000000a1e7      0x7e5 ./SDK_ROBI_STM32F0_1.0.0/shared/Middle/motor/motor.o
 .debug_info    0x000000000000a9cc      0x2a2 ./SDK_ROBI_STM32F0_1.0.0/shared/Middle/motor/pid.o
 .debug_info    0x000000000000ac6e      0x268 ./SDK_ROBI_STM32F0_1.0.0/shared/Middle/rtos/eventman.o
 .debug_info    0x000000000000aed6      0x782 ./SDK_ROBI_STM32F0_1.0.0/shared/Middle/rtos/timer.o
 .debug_info    0x000000000000b658      0x916 ./SDK_ROBI_STM32F0_1.0.0/shared/Middle/sensor/optical_sensor.o
 .debug_info    0x000000000000bf6e      0xc77 ./SDK_ROBI_STM32F0_1.0.0/shared/Middle/serial/serial.o
 .debug_info    0x000000000000cbe5      0x305 ./SDK_ROBI_STM32F0_1.0.0/shared/Utilities/buff.o
 .debug_info    0x000000000000ceea      0x342 ./SDK_ROBI_STM32F0_1.0.0/shared/Utilities/utilities.o
 .debug_info    0x000000000000d22c      0x6cd ./Src/main.o
 .debug_info    0x000000000000d8f9       0x23 ./Startup/startup_stm32f030c8tx.o

.debug_abbrev   0x0000000000000000     0x3521
 .debug_abbrev  0x0000000000000000      0x183 ./SDK_ROBI_STM32F0_1.0.0/shared/Drivers/CMSIS/Source/system_stm32f0xx.o
 .debug_abbrev  0x0000000000000183      0x1c1 ./SDK_ROBI_STM32F0_1.0.0/shared/Drivers/STM32F0xx_StdPeriph_Driver/src/stm32f0xx_adc.o
 .debug_abbrev  0x0000000000000344      0x1a7 ./SDK_ROBI_STM32F0_1.0.0/shared/Drivers/STM32F0xx_StdPeriph_Driver/src/stm32f0xx_dma.o
 .debug_abbrev  0x00000000000004eb      0x1d3 ./SDK_ROBI_STM32F0_1.0.0/shared/Drivers/STM32F0xx_StdPeriph_Driver/src/stm32f0xx_exti.o
 .debug_abbrev  0x00000000000006be      0x1dd ./SDK_ROBI_STM32F0_1.0.0/shared/Drivers/STM32F0xx_StdPeriph_Driver/src/stm32f0xx_gpio.o
 .debug_abbrev  0x000000000000089b      0x15a ./SDK_ROBI_STM32F0_1.0.0/shared/Drivers/STM32F0xx_StdPeriph_Driver/src/stm32f0xx_misc.o
 .debug_abbrev  0x00000000000009f5      0x22c ./SDK_ROBI_STM32F0_1.0.0/shared/Drivers/STM32F0xx_StdPeriph_Driver/src/stm32f0xx_rcc.o
 .debug_abbrev  0x0000000000000c21      0x1dd ./SDK_ROBI_STM32F0_1.0.0/shared/Drivers/STM32F0xx_StdPeriph_Driver/src/stm32f0xx_spi.o
 .debug_abbrev  0x0000000000000dfe      0x177 ./SDK_ROBI_STM32F0_1.0.0/shared/Drivers/STM32F0xx_StdPeriph_Driver/src/stm32f0xx_syscfg.o
 .debug_abbrev  0x0000000000000f75      0x1ce ./SDK_ROBI_STM32F0_1.0.0/shared/Drivers/STM32F0xx_StdPeriph_Driver/src/stm32f0xx_tim.o
 .debug_abbrev  0x0000000000001143      0x1b0 ./SDK_ROBI_STM32F0_1.0.0/shared/Drivers/STM32F0xx_StdPeriph_Driver/src/stm32f0xx_usart.o
 .debug_abbrev  0x00000000000012f3      0x278 ./SDK_ROBI_STM32F0_1.0.0/shared/Middle/button/button.o
 .debug_abbrev  0x000000000000156b      0x141 ./SDK_ROBI_STM32F0_1.0.0/shared/Middle/button/eventbutton.o
 .debug_abbrev  0x00000000000016ac      0x205 ./SDK_ROBI_STM32F0_1.0.0/shared/Middle/buzzer/buzzer.o
 .debug_abbrev  0x00000000000018b1      0x2b0 ./SDK_ROBI_STM32F0_1.0.0/shared/Middle/lcd/GUI.o
 .debug_abbrev  0x0000000000001b61      0x28e ./SDK_ROBI_STM32F0_1.0.0/shared/Middle/lcd/lcd.o
 .debug_abbrev  0x0000000000001def      0x27e ./SDK_ROBI_STM32F0_1.0.0/shared/Middle/led/led.o
 .debug_abbrev  0x000000000000206d      0x2a7 ./SDK_ROBI_STM32F0_1.0.0/shared/Middle/motor/encoder.o
 .debug_abbrev  0x0000000000002314      0x1b2 ./SDK_ROBI_STM32F0_1.0.0/shared/Middle/motor/motor.o
 .debug_abbrev  0x00000000000024c6      0x167 ./SDK_ROBI_STM32F0_1.0.0/shared/Middle/motor/pid.o
 .debug_abbrev  0x000000000000262d      0x157 ./SDK_ROBI_STM32F0_1.0.0/shared/Middle/rtos/eventman.o
 .debug_abbrev  0x0000000000002784      0x2dd ./SDK_ROBI_STM32F0_1.0.0/shared/Middle/rtos/timer.o
 .debug_abbrev  0x0000000000002a61      0x27b ./SDK_ROBI_STM32F0_1.0.0/shared/Middle/sensor/optical_sensor.o
 .debug_abbrev  0x0000000000002cdc      0x35a ./SDK_ROBI_STM32F0_1.0.0/shared/Middle/serial/serial.o
 .debug_abbrev  0x0000000000003036      0x13c ./SDK_ROBI_STM32F0_1.0.0/shared/Utilities/buff.o
 .debug_abbrev  0x0000000000003172      0x111 ./SDK_ROBI_STM32F0_1.0.0/shared/Utilities/utilities.o
 .debug_abbrev  0x0000000000003283      0x28c ./Src/main.o
 .debug_abbrev  0x000000000000350f       0x12 ./Startup/startup_stm32f030c8tx.o
