D:/DH/Lumi/LabROBI/ROBI_BEVA_V1.0(1)/ROBI_BEVA_V1.0/SDK_ROBI_STM32F0_1.0.0/shared/Middle/motor/encoder.c:77:1:Encoder_Init	8	static
D:/DH/Lumi/LabROBI/ROBI_BEVA_V1.0(1)/ROBI_BEVA_V1.0/SDK_ROBI_STM32F0_1.0.0/shared/Middle/motor/encoder.c:91:6:EncoderL_GPIO_Config	32	static
D:/DH/Lumi/LabROBI/ROBI_BEVA_V1.0(1)/ROBI_BEVA_V1.0/SDK_ROBI_STM32F0_1.0.0/shared/Middle/motor/encoder.c:132:6:EncoderR_GPIO_Config	32	static
D:/DH/Lumi/LabROBI/ROBI_BEVA_V1.0(1)/ROBI_BEVA_V1.0/SDK_ROBI_STM32F0_1.0.0/shared/Middle/motor/encoder.c:172:9:binaryToDecimal	40	static
D:/DH/Lumi/LabROBI/ROBI_BEVA_V1.0(1)/ROBI_BEVA_V1.0/SDK_ROBI_STM32F0_1.0.0/shared/Middle/motor/encoder.c:192:6:EXTI4_15_IRQHandler	24	static
D:/DH/Lumi/LabROBI/ROBI_BEVA_V1.0(1)/ROBI_BEVA_V1.0/SDK_ROBI_STM32F0_1.0.0/shared/Middle/motor/encoder.c:230:6:CalculateSpeed	16	static
D:/DH/Lumi/LabROBI/ROBI_BEVA_V1.0(1)/ROBI_BEVA_V1.0/SDK_ROBI_STM32F0_1.0.0/shared/Middle/motor/encoder.c:261:6:ScanTimer	16	static
