../Src/main.c:97:5:main	8	static
../Src/main.c:120:6:AppInitCommon	24	static
../Src/main.c:173:1:LoadConfiguration	8	static
../Src/main.c:185:6:AppStateManager	16	static
../Src/main.c:218:6:SetStateApp	16	static
../Src/main.c:232:13:GetStateApp	8	static
../Src/main.c:244:1:DeviceStateMachine	16	static
../Src/main.c:289:6:SetLed_Red	16	static
../Src/main.c:300:6:SetLed_Green	16	static
../Src/main.c:311:6:SetLed_Blue	16	static
../Src/main.c:322:6:BlinkLed	16	static
../Src/main.c:364:10:CalculatorTime	24	static
../Src/main.c:379:6:LineFollow_Process	16	static
